Archive member included because of file (symbol)

/usr/local/Cellar/arm-none-eabi-gcc/20150921/bin/../lib/gcc/arm-none-eabi/4.9.3/../../../../arm-none-eabi/lib/armv7e-m/fpu/libc_nano.a(lib_a-atoi.o)
                              build/uartProtocol.o (atoi)
/usr/local/Cellar/arm-none-eabi-gcc/20150921/bin/../lib/gcc/arm-none-eabi/4.9.3/../../../../arm-none-eabi/lib/armv7e-m/fpu/libc_nano.a(lib_a-exit.o)
                              /usr/local/Cellar/arm-none-eabi-gcc/20150921/bin/../lib/gcc/arm-none-eabi/4.9.3/../../../../arm-none-eabi/lib/armv7e-m/fpu/crt0.o (exit)
/usr/local/Cellar/arm-none-eabi-gcc/20150921/bin/../lib/gcc/arm-none-eabi/4.9.3/../../../../arm-none-eabi/lib/armv7e-m/fpu/libc_nano.a(lib_a-impure.o)
                              /usr/local/Cellar/arm-none-eabi-gcc/20150921/bin/../lib/gcc/arm-none-eabi/4.9.3/../../../../arm-none-eabi/lib/armv7e-m/fpu/libc_nano.a(lib_a-exit.o) (_global_impure_ptr)
/usr/local/Cellar/arm-none-eabi-gcc/20150921/bin/../lib/gcc/arm-none-eabi/4.9.3/../../../../arm-none-eabi/lib/armv7e-m/fpu/libc_nano.a(lib_a-init.o)
                              /usr/local/Cellar/arm-none-eabi-gcc/20150921/bin/../lib/gcc/arm-none-eabi/4.9.3/../../../../arm-none-eabi/lib/armv7e-m/fpu/crt0.o (__libc_init_array)
/usr/local/Cellar/arm-none-eabi-gcc/20150921/bin/../lib/gcc/arm-none-eabi/4.9.3/../../../../arm-none-eabi/lib/armv7e-m/fpu/libc_nano.a(lib_a-memset.o)
                              /usr/local/Cellar/arm-none-eabi-gcc/20150921/bin/../lib/gcc/arm-none-eabi/4.9.3/../../../../arm-none-eabi/lib/armv7e-m/fpu/crt0.o (memset)
/usr/local/Cellar/arm-none-eabi-gcc/20150921/bin/../lib/gcc/arm-none-eabi/4.9.3/../../../../arm-none-eabi/lib/armv7e-m/fpu/libc_nano.a(lib_a-nano-vfprintf_float.o)
                              (_printf_float)
/usr/local/Cellar/arm-none-eabi-gcc/20150921/bin/../lib/gcc/arm-none-eabi/4.9.3/../../../../arm-none-eabi/lib/armv7e-m/fpu/libc_nano.a(lib_a-nano-vfprintf_i.o)
                              /usr/local/Cellar/arm-none-eabi-gcc/20150921/bin/../lib/gcc/arm-none-eabi/4.9.3/../../../../arm-none-eabi/lib/armv7e-m/fpu/libc_nano.a(lib_a-nano-vfprintf_float.o) (_printf_common)
/usr/local/Cellar/arm-none-eabi-gcc/20150921/bin/../lib/gcc/arm-none-eabi/4.9.3/../../../../arm-none-eabi/lib/armv7e-m/fpu/libc_nano.a(lib_a-printf.o)
                              build/control.o (printf)
/usr/local/Cellar/arm-none-eabi-gcc/20150921/bin/../lib/gcc/arm-none-eabi/4.9.3/../../../../arm-none-eabi/lib/armv7e-m/fpu/libc_nano.a(lib_a-s_fpclassify.o)
                              /usr/local/Cellar/arm-none-eabi-gcc/20150921/bin/../lib/gcc/arm-none-eabi/4.9.3/../../../../arm-none-eabi/lib/armv7e-m/fpu/libc_nano.a(lib_a-nano-vfprintf_float.o) (__fpclassifyd)
/usr/local/Cellar/arm-none-eabi-gcc/20150921/bin/../lib/gcc/arm-none-eabi/4.9.3/../../../../arm-none-eabi/lib/armv7e-m/fpu/libc_nano.a(lib_a-strlen.o)
                              /usr/local/Cellar/arm-none-eabi-gcc/20150921/bin/../lib/gcc/arm-none-eabi/4.9.3/../../../../arm-none-eabi/lib/armv7e-m/fpu/libc_nano.a(lib_a-nano-vfprintf_float.o) (strlen)
/usr/local/Cellar/arm-none-eabi-gcc/20150921/bin/../lib/gcc/arm-none-eabi/4.9.3/../../../../arm-none-eabi/lib/armv7e-m/fpu/libc_nano.a(lib_a-strtok.o)
                              build/uartProtocol.o (strtok)
/usr/local/Cellar/arm-none-eabi-gcc/20150921/bin/../lib/gcc/arm-none-eabi/4.9.3/../../../../arm-none-eabi/lib/armv7e-m/fpu/libc_nano.a(lib_a-strtok_r.o)
                              /usr/local/Cellar/arm-none-eabi-gcc/20150921/bin/../lib/gcc/arm-none-eabi/4.9.3/../../../../arm-none-eabi/lib/armv7e-m/fpu/libc_nano.a(lib_a-strtok.o) (__strtok_r)
/usr/local/Cellar/arm-none-eabi-gcc/20150921/bin/../lib/gcc/arm-none-eabi/4.9.3/../../../../arm-none-eabi/lib/armv7e-m/fpu/libc_nano.a(lib_a-strtol.o)
                              /usr/local/Cellar/arm-none-eabi-gcc/20150921/bin/../lib/gcc/arm-none-eabi/4.9.3/../../../../arm-none-eabi/lib/armv7e-m/fpu/libc_nano.a(lib_a-atoi.o) (_strtol_r)
/usr/local/Cellar/arm-none-eabi-gcc/20150921/bin/../lib/gcc/arm-none-eabi/4.9.3/../../../../arm-none-eabi/lib/armv7e-m/fpu/libc_nano.a(lib_a-ctype_.o)
                              /usr/local/Cellar/arm-none-eabi-gcc/20150921/bin/../lib/gcc/arm-none-eabi/4.9.3/../../../../arm-none-eabi/lib/armv7e-m/fpu/libc_nano.a(lib_a-strtol.o) (__ctype_ptr__)
/usr/local/Cellar/arm-none-eabi-gcc/20150921/bin/../lib/gcc/arm-none-eabi/4.9.3/../../../../arm-none-eabi/lib/armv7e-m/fpu/libc_nano.a(lib_a-dtoa.o)
                              /usr/local/Cellar/arm-none-eabi-gcc/20150921/bin/../lib/gcc/arm-none-eabi/4.9.3/../../../../arm-none-eabi/lib/armv7e-m/fpu/libc_nano.a(lib_a-nano-vfprintf_float.o) (_dtoa_r)
/usr/local/Cellar/arm-none-eabi-gcc/20150921/bin/../lib/gcc/arm-none-eabi/4.9.3/../../../../arm-none-eabi/lib/armv7e-m/fpu/libc_nano.a(lib_a-findfp.o)
[...]
Memory Configuration

Name             Origin             Length             Attributes
FLASH            0x0000000008000000 0x0000000000010000 xr
RAM              0x0000000020000000 0x0000000000003000 xrw
CCMRAM           0x0000000010000000 0x0000000000001000 rw
*default*        0x0000000000000000 0xffffffffffffffff

Linker script and memory map

LOAD /usr/local/Cellar/arm-none-eabi-gcc/20150921/bin/../lib/gcc/arm-none-eabi/4.9.3/armv7e-m/fpu/crti.o
LOAD /usr/local/Cellar/arm-none-eabi-gcc/20150921/bin/../lib/gcc/arm-none-eabi/4.9.3/armv7e-m/fpu/crtbegin.o
LOAD /usr/local/Cellar/arm-none-eabi-gcc/20150921/bin/../lib/gcc/arm-none-eabi/4.9.3/../../../../arm-none-eabi/lib/armv7e-m/fpu/crt0.o
LOAD build/system_stm32f3xx.o
LOAD build/stm32f3xx_hal.o
LOAD build/stm32f3xx_hal_can.o
LOAD build/stm32f3xx_hal_cortex.o
LOAD build/stm32f3xx_hal_dma.o
LOAD build/stm32f3xx_hal_flash.o
LOAD build/stm32f3xx_hal_flash_ex.o
LOAD build/stm32f3xx_hal_gpio.o
LOAD build/stm32f3xx_hal_i2c.o
LOAD build/stm32f3xx_hal_i2c_ex.o
LOAD build/stm32f3xx_hal_pwr.o
LOAD build/stm32f3xx_hal_pwr_ex.o
LOAD build/stm32f3xx_hal_rcc.o
LOAD build/stm32f3xx_hal_rcc_ex.o
LOAD build/stm32f3xx_hal_tim.o
LOAD build/stm32f3xx_hal_tim_ex.o
LOAD build/stm32f3xx_hal_uart.o
LOAD build/stm32f3xx_hal_uart_ex.o
LOAD build/main.o
LOAD build/motionController.o
LOAD build/stm32f3xx_hal_msp.o
LOAD build/stm32f3xx_it.o
LOAD build/control.o
LOAD build/motors.o
LOAD build/PID.o
LOAD build/can.o
LOAD build/uart.o
LOAD build/encoders.o
LOAD build/gpio.o
LOAD build/pwm.o
LOAD build/canProtocol.o
LOAD build/uartProtocol.o
LOAD build/startup_stm32f303x8.o
LOAD /usr/local/Cellar/arm-none-eabi-gcc/20150921/bin/../lib/gcc/arm-none-eabi/4.9.3/../../../../arm-none-eabi/lib/armv7e-m/fpu/libc_nano.a
LOAD /usr/local/Cellar/arm-none-eabi-gcc/20150921/bin/../lib/gcc/arm-none-eabi/4.9.3/../../../../arm-none-eabi/lib/armv7e-m/fpu/libm.a
LOAD /usr/local/Cellar/arm-none-eabi-gcc/20150921/bin/../lib/gcc/arm-none-eabi/4.9.3/../../../../arm-none-eabi/lib/armv7e-m/fpu/libnosys.a
START GROUP
LOAD /usr/local/Cellar/arm-none-eabi-gcc/20150921/bin/../lib/gcc/arm-none-eabi/4.9.3/armv7e-m/fpu/libgcc.a
LOAD /usr/local/Cellar/arm-none-eabi-gcc/20150921/bin/../lib/gcc/arm-none-eabi/4.9.3/../../../../arm-none-eabi/lib/armv7e-m/fpu/libc_nano.a
END GROUP
START GROUP
LOAD /usr/local/Cellar/arm-none-eabi-gcc/20150921/bin/../lib/gcc/arm-none-eabi/4.9.3/armv7e-m/fpu/libgcc.a
LOAD /usr/local/Cellar/arm-none-eabi-gcc/20150921/bin/../lib/gcc/arm-none-eabi/4.9.3/../../../../arm-none-eabi/lib/armv7e-m/fpu/libc_nano.a
END GROUP
LOAD /usr/local/Cellar/arm-none-eabi-gcc/20150921/bin/../lib/gcc/arm-none-eabi/4.9.3/armv7e-m/fpu/crtend.o
LOAD /usr/local/Cellar/arm-none-eabi-gcc/20150921/bin/../lib/gcc/arm-none-eabi/4.9.3/armv7e-m/fpu/crtn.o
                0x0000000020003000                _estack = 0x20003000
                0x0000000000000200                _Min_Heap_Size = 0x200
                0x0000000000000400                _Min_Stack_Size = 0x400

.isr_vector     0x0000000008000000      0x188
                0x0000000008000000                . = ALIGN (0x4)
 *(.isr_vector)
 .isr_vector    0x0000000008000000      0x188 build/startup_stm32f303x8.o
                0x0000000008000000                g_pfnVectors
                0x0000000008000188                . = ALIGN (0x4)

.text           0x0000000008000188     0x77b0
                0x0000000008000188                . = ALIGN (0x4)
 *(.text)
 .text          0x0000000008000188       0x5c /usr/local/Cellar/arm-none-eabi-gcc/20150921/bin/../lib/gcc/arm-none-eabi/4.9.3/armv7e-m/fpu/crtbegin.o
 .text          0x00000000080001e4      0x370 /usr/local/Cellar/arm-none-eabi-gcc/20150921/bin/../lib/gcc/arm-none-eabi/4.9.3/armv7e-m/fpu/libgcc.a(_arm_addsubdf3.o)
                0x00000000080001e4                __aeabi_drsub
                0x00000000080001ec                __subdf3
                0x00000000080001ec                __aeabi_dsub
                0x00000000080001f0                __aeabi_dadd
                0x00000000080001f0                __adddf3
                0x0000000008000468                __aeabi_ui2d
                0x0000000008000468                __floatunsidf
                0x0000000008000488                __floatsidf
                0x0000000008000488                __aeabi_i2d
                0x00000000080004ac                __extendsfdf2
                0x00000000080004ac                __aeabi_f2d
                0x00000000080004e8                __aeabi_ul2d
                0x00000000080004e8                __floatundidf
                0x00000000080004f8                __aeabi_l2d
                0x00000000080004f8                __floatdidf
 .text          0x0000000008000554      0x424 /usr/local/Cellar/arm-none-eabi-gcc/20150921/bin/../lib/gcc/arm-none-eabi/4.9.3/armv7e-m/fpu/libgcc.a(_arm_muldivdf3.o)
                0x0000000008000554                __aeabi_dmul
                0x0000000008000554                __muldf3
                0x00000000080007a8                __aeabi_ddiv
                0x00000000080007a8                __divdf3
 .text          0x0000000008000978      0x110 /usr/local/Cellar/arm-none-eabi-gcc/20150921/bin/../lib/gcc/arm-none-eabi/4.9.3/armv7e-m/fpu/libgcc.a(_arm_cmpdf2.o)
                0x0000000008000978                __gtdf2
                0x0000000008000978                __gedf2
                0x0000000008000980                __ltdf2
                0x0000000008000980                __ledf2
                0x0000000008000988                __eqdf2
                0x0000000008000988                __nedf2
                0x0000000008000988                __cmpdf2
                0x0000000008000a04                __aeabi_cdrcmple
                0x0000000008000a14                __aeabi_cdcmple
                0x0000000008000a14                __aeabi_cdcmpeq
                0x0000000008000a24                __aeabi_dcmpeq
                0x0000000008000a38                __aeabi_dcmplt
                0x0000000008000a4c                __aeabi_dcmple
                0x0000000008000a60                __aeabi_dcmpge
                0x0000000008000a74                __aeabi_dcmpgt
 .text          0x0000000008000a88       0x50 /usr/local/Cellar/arm-none-eabi-gcc/20150921/bin/../lib/gcc/arm-none-eabi/4.9.3/armv7e-m/fpu/libgcc.a(_arm_fixdfsi.o)
                0x0000000008000a88                __fixdfsi
                0x0000000008000a88                __aeabi_d2iz
 *(.text*)
 .text.SystemInit
                0x0000000008000ad8       0x94 build/system_stm32f3xx.o
                0x0000000008000ad8                SystemInit
 .text.HAL_Init
                0x0000000008000b6c       0x2c build/stm32f3xx_hal.o
                0x0000000008000b6c                HAL_Init
 .text.HAL_InitTick
                0x0000000008000b98       0x38 build/stm32f3xx_hal.o
                0x0000000008000b98                HAL_InitTick
 .text.HAL_IncTick
                0x0000000008000bd0       0x1c build/stm32f3xx_hal.o
                0x0000000008000bd0                HAL_IncTick
 .text.HAL_GetTick
                0x0000000008000bec       0x18 build/stm32f3xx_hal.o
                0x0000000008000bec                HAL_GetTick
 .text.HAL_CAN_Init
                0x0000000008000c04      0x248 build/stm32f3xx_hal_can.o
                0x0000000008000c04                HAL_CAN_Init
 .text.NVIC_SetPriorityGrouping
                0x0000000008000e4c       0x48 build/stm32f3xx_hal_cortex.o
 .text.NVIC_GetPriorityGrouping
                0x0000000008000e94       0x1c build/stm32f3xx_hal_cortex.o
 .text.NVIC_EnableIRQ
                0x0000000008000eb0       0x30 build/stm32f3xx_hal_cortex.o
 .text.NVIC_SetPriority
                0x0000000008000ee0       0x54 build/stm32f3xx_hal_cortex.o
 .text.NVIC_EncodePriority
                0x0000000008000f34       0x64 build/stm32f3xx_hal_cortex.o
 .text.SysTick_Config
                0x0000000008000f98       0x44 build/stm32f3xx_hal_cortex.o
 .text.HAL_NVIC_SetPriorityGrouping
                0x0000000008000fdc       0x14 build/stm32f3xx_hal_cortex.o
                0x0000000008000fdc                HAL_NVIC_SetPriorityGrouping
 .text.HAL_NVIC_SetPriority
                0x0000000008000ff0       0x38 build/stm32f3xx_hal_cortex.o
                0x0000000008000ff0                HAL_NVIC_SetPriority
 .text.HAL_NVIC_EnableIRQ
                0x0000000008001028       0x1c build/stm32f3xx_hal_cortex.o
                0x0000000008001028                HAL_NVIC_EnableIRQ
 .text.HAL_SYSTICK_Config
                0x0000000008001044       0x18 build/stm32f3xx_hal_cortex.o
                0x0000000008001044                HAL_SYSTICK_Config
 .text.HAL_SYSTICK_CLKSourceConfig
                0x000000000800105c       0x38 build/stm32f3xx_hal_cortex.o
                0x000000000800105c                HAL_SYSTICK_CLKSourceConfig
 .text.HAL_SYSTICK_IRQHandler
                0x0000000008001094        0xc build/stm32f3xx_hal_cortex.o
                0x0000000008001094                HAL_SYSTICK_IRQHandler
 .text.HAL_SYSTICK_Callback
                0x00000000080010a0        0xc build/stm32f3xx_hal_cortex.o
                0x00000000080010a0                HAL_SYSTICK_Callback
 .text.HAL_GPIO_Init
                0x00000000080010ac      0x2e0 build/stm32f3xx_hal_gpio.o
                0x00000000080010ac                HAL_GPIO_Init
 .text.HAL_GPIO_WritePin
                0x000000000800138c       0x30 build/stm32f3xx_hal_gpio.o
                0x000000000800138c                HAL_GPIO_WritePin
 .text.HAL_RCC_OscConfig
                0x00000000080013bc     0x1180 build/stm32f3xx_hal_rcc.o
                0x00000000080013bc                HAL_RCC_OscConfig
 .text.HAL_RCC_ClockConfig
                0x000000000800253c      0x3fc build/stm32f3xx_hal_rcc.o
                0x000000000800253c                HAL_RCC_ClockConfig
 .text.HAL_RCC_GetSysClockFreq
                0x0000000008002938       0xd4 build/stm32f3xx_hal_rcc.o
                0x0000000008002938                HAL_RCC_GetSysClockFreq
 .text.HAL_RCC_GetHCLKFreq
                0x0000000008002a0c       0x18 build/stm32f3xx_hal_rcc.o
                0x0000000008002a0c                HAL_RCC_GetHCLKFreq
 .text.HAL_RCC_GetPCLK1Freq
                0x0000000008002a24       0x44 build/stm32f3xx_hal_rcc.o
                0x0000000008002a24                HAL_RCC_GetPCLK1Freq
 .text.HAL_RCC_GetPCLK2Freq
                0x0000000008002a68       0x44 build/stm32f3xx_hal_rcc.o
                0x0000000008002a68                HAL_RCC_GetPCLK2Freq
 .text.HAL_TIM_Base_Init
                0x0000000008002aac       0x58 build/stm32f3xx_hal_tim.o
                0x0000000008002aac                HAL_TIM_Base_Init
 .text.HAL_TIM_PWM_Init
                0x0000000008002b04       0x58 build/stm32f3xx_hal_tim.o
                0x0000000008002b04                HAL_TIM_PWM_Init
 .text.HAL_TIM_PWM_MspInit
                0x0000000008002b5c       0x14 build/stm32f3xx_hal_tim.o
                0x0000000008002b5c                HAL_TIM_PWM_MspInit
 .text.HAL_TIM_PWM_Start
                0x0000000008002b70       0x84 build/stm32f3xx_hal_tim.o
                0x0000000008002b70                HAL_TIM_PWM_Start
 .text.HAL_TIM_Encoder_Init
                0x0000000008002bf4      0x130 build/stm32f3xx_hal_tim.o
                0x0000000008002bf4                HAL_TIM_Encoder_Init
 .text.TIM_Base_SetConfig
                0x0000000008002d24       0xe4 build/stm32f3xx_hal_tim.o
                0x0000000008002d24                TIM_Base_SetConfig
 .text.TIM_OC1_SetConfig
                0x0000000008002e08      0x118 build/stm32f3xx_hal_tim.o
                0x0000000008002e08                TIM_OC1_SetConfig
 .text.TIM_OC2_SetConfig
                0x0000000008002f20      0x108 build/stm32f3xx_hal_tim.o
                0x0000000008002f20                TIM_OC2_SetConfig
 .text.TIM_OC3_SetConfig
                0x0000000008003028      0x108 build/stm32f3xx_hal_tim.o
                0x0000000008003028                TIM_OC3_SetConfig
 .text.TIM_OC4_SetConfig
                0x0000000008003130       0xd0 build/stm32f3xx_hal_tim.o
                0x0000000008003130                TIM_OC4_SetConfig
 .text.TIM_CCxChannelCmd
                0x0000000008003200       0x44 build/stm32f3xx_hal_tim.o
                0x0000000008003200                TIM_CCxChannelCmd
 .text.HAL_TIM_PWM_ConfigChannel
                0x0000000008003244      0x230 build/stm32f3xx_hal_tim_ex.o
                0x0000000008003244                HAL_TIM_PWM_ConfigChannel
 .text.HAL_TIMEx_MasterConfigSynchronization
                0x0000000008003474       0x9c build/stm32f3xx_hal_tim_ex.o
                0x0000000008003474                HAL_TIMEx_MasterConfigSynchronization
 .text.HAL_TIMEx_ConfigBreakDeadTime
                0x0000000008003510      0x128 build/stm32f3xx_hal_tim_ex.o
                0x0000000008003510                HAL_TIMEx_ConfigBreakDeadTime
 .text.TIM_OC5_SetConfig
                0x0000000008003638       0xc8 build/stm32f3xx_hal_tim_ex.o
 .text.TIM_OC6_SetConfig
                0x0000000008003700       0xc8 build/stm32f3xx_hal_tim_ex.o
 .text.HAL_UART_Init
                0x00000000080037c8       0xa4 build/stm32f3xx_hal_uart.o
                0x00000000080037c8                HAL_UART_Init
 .text.HAL_UART_Transmit_IT
                0x000000000800386c       0x90 build/stm32f3xx_hal_uart.o
                0x000000000800386c                HAL_UART_Transmit_IT
 .text.HAL_UART_Receive_IT
                0x00000000080038fc      0x120 build/stm32f3xx_hal_uart.o
                0x00000000080038fc                HAL_UART_Receive_IT
 .text.HAL_UART_IRQHandler
                0x0000000008003a1c      0x190 build/stm32f3xx_hal_uart.o
                0x0000000008003a1c                HAL_UART_IRQHandler
 .text.HAL_UART_TxCpltCallback
                0x0000000008003bac       0x14 build/stm32f3xx_hal_uart.o
                0x0000000008003bac                HAL_UART_TxCpltCallback
 .text.HAL_UART_ErrorCallback
                0x0000000008003bc0       0x14 build/stm32f3xx_hal_uart.o
                0x0000000008003bc0                HAL_UART_ErrorCallback
 .text.HAL_UART_GetState
                0x0000000008003bd4       0x3c build/stm32f3xx_hal_uart.o
                0x0000000008003bd4                HAL_UART_GetState
 .text.UART_SetConfig
                0x0000000008003c10      0x2c8 build/stm32f3xx_hal_uart.o
                0x0000000008003c10                UART_SetConfig
 .text.UART_AdvFeatureConfig
                0x0000000008003ed8      0x144 build/stm32f3xx_hal_uart.o
                0x0000000008003ed8                UART_AdvFeatureConfig
 .text.UART_CheckIdleState
                0x000000000800401c       0x80 build/stm32f3xx_hal_uart.o
                0x000000000800401c                UART_CheckIdleState
 .text.UART_WaitOnFlagUntilTimeout
                0x000000000800409c      0x140 build/stm32f3xx_hal_uart.o
                0x000000000800409c                UART_WaitOnFlagUntilTimeout
 .text.UART_Transmit_IT
                0x00000000080041dc       0xac build/stm32f3xx_hal_uart.o
                0x00000000080041dc                UART_Transmit_IT
 .text.UART_EndTransmit_IT
                0x0000000008004288       0x30 build/stm32f3xx_hal_uart.o
                0x0000000008004288                UART_EndTransmit_IT
 .text.UART_Receive_IT
                0x00000000080042b8       0xec build/stm32f3xx_hal_uart.o
                0x00000000080042b8                UART_Receive_IT
 .text.HAL_UARTEx_WakeupCallback
                0x00000000080043a4       0x14 build/stm32f3xx_hal_uart_ex.o
                0x00000000080043a4                HAL_UARTEx_WakeupCallback
 .text.main     0x00000000080043b8       0x5c build/main.o
                0x00000000080043b8                main
 .text.SystemClock_Config
                0x0000000008004414       0x84 build/main.o
                0x0000000008004414                SystemClock_Config
 .text.MX_NVIC_Init
                0x0000000008004498       0x18 build/main.o
 .text.MX_CAN_Init
                0x00000000080044b0       0x68 build/main.o
 .text.MX_TIM2_Init
                0x0000000008004518       0x88 build/main.o
 .text.MX_TIM3_Init
                0x00000000080045a0       0x8c build/main.o
 .text.MX_TIM16_Init
                0x000000000800462c       0xc8 build/main.o
 .text.MX_TIM17_Init
                0x00000000080046f4       0xc8 build/main.o
 .text.MX_USART2_UART_Init
                0x00000000080047bc       0x5c build/main.o
 .text.MX_GPIO_Init
                0x0000000008004818       0x84 build/main.o
 .text.Error_Handler
                0x000000000800489c        0x8 build/main.o
                0x000000000800489c                Error_Handler
 .text.motionController_init
                0x00000000080048a4       0x30 build/motionController.o
                0x00000000080048a4                motionController_init
 .text.motionController_loop
                0x00000000080048d4       0x10 build/motionController.o
                0x00000000080048d4                motionController_loop
 .text.HAL_MspInit
                0x00000000080048e4       0x84 build/stm32f3xx_hal_msp.o
                0x00000000080048e4                HAL_MspInit
 .text.HAL_CAN_MspInit
                0x0000000008004968       0x5c build/stm32f3xx_hal_msp.o
                0x0000000008004968                HAL_CAN_MspInit
 .text.HAL_TIM_Encoder_MspInit
                0x00000000080049c4       0xa0 build/stm32f3xx_hal_msp.o
                0x00000000080049c4                HAL_TIM_Encoder_MspInit
 .text.HAL_TIM_Base_MspInit
                0x0000000008004a64       0x64 build/stm32f3xx_hal_msp.o
                0x0000000008004a64                HAL_TIM_Base_MspInit
 .text.HAL_TIM_MspPostInit
                0x0000000008004ac8       0x74 build/stm32f3xx_hal_msp.o
                0x0000000008004ac8                HAL_TIM_MspPostInit
 .text.HAL_UART_MspInit
                0x0000000008004b3c       0x5c build/stm32f3xx_hal_msp.o
                0x0000000008004b3c                HAL_UART_MspInit
 .text.SysTick_Handler
                0x0000000008004b98       0x10 build/stm32f3xx_it.o
                0x0000000008004b98                SysTick_Handler
 .text.USART2_IRQHandler
                0x0000000008004ba8       0x10 build/stm32f3xx_it.o
                0x0000000008004ba8                USART2_IRQHandler
 .text.control_iter
                0x0000000008004bb8       0x98 build/control.o
                0x0000000008004bb8                control_iter
 .text.can_init
                0x0000000008004c50       0x1c build/can.o
                0x0000000008004c50                can_init
 .text._write   0x0000000008004c6c       0x78 build/uart.o
                0x0000000008004c6c                _write
 .text.uart_init
                0x0000000008004ce4       0x30 build/uart.o
                0x0000000008004ce4                uart_init
 .text.uart_reset
                0x0000000008004d14       0x34 build/uart.o
                0x0000000008004d14                uart_reset
 .text.HAL_UART_RxCpltCallback
                0x0000000008004d48       0x7c build/uart.o
                0x0000000008004d48                HAL_UART_RxCpltCallback
 .text.encoder_init
                0x0000000008004dc4       0x64 build/encoders.o
                0x0000000008004dc4                encoder_init
 .text.encoder_update
                0x0000000008004e28       0x90 build/encoders.o
                0x0000000008004e28                encoder_update
 .text.encoder_left_getVal
                0x0000000008004eb8       0x18 build/encoders.o
                0x0000000008004eb8                encoder_left_getVal
 .text.encoder_right_getVal
                0x0000000008004ed0       0x18 build/encoders.o
                0x0000000008004ed0                encoder_right_getVal
 .text.pwm_init
                0x0000000008004ee8       0x48 build/pwm.o
                0x0000000008004ee8                pwm_init
 .text.pwm_left_set
                0x0000000008004f30       0x24 build/pwm.o
                0x0000000008004f30                pwm_left_set
 .text.pwm_right_set
                0x0000000008004f54       0x24 build/pwm.o
                0x0000000008004f54                pwm_right_set
 .text.uartProtocol_handleMessage
                0x0000000008004f78       0x64 build/uartProtocol.o
                0x0000000008004f78                uartProtocol_handleMessage
 .text.Reset_Handler
                0x0000000008004fdc       0x50 build/startup_stm32f303x8.o
                0x0000000008004fdc                Reset_Handler
 .text.Default_Handler
                0x000000000800502c        0x2 build/startup_stm32f303x8.o
                0x000000000800502c                TIM1_BRK_TIM15_IRQHandler
                0x000000000800502c                DebugMon_Handler
                0x000000000800502c                TIM1_CC_IRQHandler
                0x000000000800502c                HardFault_Handler
                0x000000000800502c                PVD_IRQHandler
                0x000000000800502c                TAMP_STAMP_IRQHandler
                0x000000000800502c                PendSV_Handler
                0x000000000800502c                NMI_Handler
                0x000000000800502c                EXTI3_IRQHandler
                0x000000000800502c                EXTI0_IRQHandler
                0x000000000800502c                FPU_IRQHandler
                0x000000000800502c                CAN_TX_IRQHandler
                0x000000000800502c                TIM1_UP_TIM16_IRQHandler
                0x000000000800502c                UsageFault_Handler
                0x000000000800502c                ADC1_2_IRQHandler
                0x000000000800502c                SPI1_IRQHandler
                0x000000000800502c                CAN_SCE_IRQHandler
                0x000000000800502c                DMA1_Channel4_IRQHandler
                0x000000000800502c                USART3_IRQHandler
                0x000000000800502c                DMA1_Channel7_IRQHandler
                0x000000000800502c                TIM7_DAC2_IRQHandler
                0x000000000800502c                CAN_RX1_IRQHandler
                0x000000000800502c                I2C1_EV_IRQHandler
                0x000000000800502c                DMA1_Channel6_IRQHandler
                0x000000000800502c                TIM3_IRQHandler
                0x000000000800502c                RCC_IRQHandler
                0x000000000800502c                DMA1_Channel1_IRQHandler
                0x000000000800502c                Default_Handler
                0x000000000800502c                EXTI15_10_IRQHandler
                0x000000000800502c                COMP2_IRQHandler
                0x000000000800502c                TIM6_DAC1_IRQHandler
                0x000000000800502c                EXTI9_5_IRQHandler
                0x000000000800502c                RTC_WKUP_IRQHandler
                0x000000000800502c                MemManage_Handler
                0x000000000800502c                SVC_Handler
                0x000000000800502c                DMA1_Channel5_IRQHandler
                0x000000000800502c                EXTI4_IRQHandler
                0x000000000800502c                TIM1_TRG_COM_TIM17_IRQHandler
                0x000000000800502c                DMA1_Channel3_IRQHandler
                0x000000000800502c                WWDG_IRQHandler
                0x000000000800502c                TIM2_IRQHandler
                0x000000000800502c                EXTI1_IRQHandler
                0x000000000800502c                COMP4_6_IRQHandler
                0x000000000800502c                DMA1_Channel2_IRQHandler
                0x000000000800502c                FLASH_IRQHandler
                0x000000000800502c                BusFault_Handler
                0x000000000800502c                USART1_IRQHandler
                0x000000000800502c                CAN_RX0_IRQHandler
                0x000000000800502c                I2C1_ER_IRQHandler
                0x000000000800502c                EXTI2_TSC_IRQHandler
                0x000000000800502c                RTC_Alarm_IRQHandler
 .text.atoi     0x000000000800502e        0x8 /usr/local/Cellar/arm-none-eabi-gcc/20150921/bin/../lib/gcc/arm-none-eabi/4.9.3/../../../../arm-none-eabi/lib/armv7e-m/fpu/libc_nano.a(lib_a-atoi.o)
                0x000000000800502e                atoi
 *fill*         0x0000000008005036        0x2 
 .text.__libc_init_array
                0x0000000008005038       0x4c /usr/local/Cellar/arm-none-eabi-gcc/20150921/bin/../lib/gcc/arm-none-eabi/4.9.3/../../../../arm-none-eabi/lib/armv7e-m/fpu/libc_nano.a(lib_a-init.o)
                0x0000000008005038                __libc_init_array
 .text.memset   0x0000000008005084       0x10 /usr/local/Cellar/arm-none-eabi-gcc/20150921/bin/../lib/gcc/arm-none-eabi/4.9.3/../../../../arm-none-eabi/lib/armv7e-m/fpu/libc_nano.a(lib_a-memset.o)
                0x0000000008005084                memset
 .text.__cvt    0x0000000008005094       0xc4 /usr/local/Cellar/arm-none-eabi-gcc/20150921/bin/../lib/gcc/arm-none-eabi/4.9.3/../../../../arm-none-eabi/lib/armv7e-m/fpu/libc_nano.a(lib_a-nano-vfprintf_float.o)
                0x0000000008005094                __cvt
 .text.__exponent
                0x0000000008005158       0x60 /usr/local/Cellar/arm-none-eabi-gcc/20150921/bin/../lib/gcc/arm-none-eabi/4.9.3/../../../../arm-none-eabi/lib/armv7e-m/fpu/libc_nano.a(lib_a-nano-vfprintf_float.o)
                0x0000000008005158                __exponent
 .text._printf_float
                0x00000000080051b8      0x47c /usr/local/Cellar/arm-none-eabi-gcc/20150921/bin/../lib/gcc/arm-none-eabi/4.9.3/../../../../arm-none-eabi/lib/armv7e-m/fpu/libc_nano.a(lib_a-nano-vfprintf_float.o)
                0x00000000080051b8                _printf_float
 .text._printf_common
                0x0000000008005634       0xea /usr/local/Cellar/arm-none-eabi-gcc/20150921/bin/../lib/gcc/arm-none-eabi/4.9.3/../../../../arm-none-eabi/lib/armv7e-m/fpu/libc_nano.a(lib_a-nano-vfprintf_i.o)
                0x0000000008005634                _printf_common
 *fill*         0x000000000800571e        0x2 
 .text._printf_i
                0x0000000008005720      0x240 /usr/local/Cellar/arm-none-eabi-gcc/20150921/bin/../lib/gcc/arm-none-eabi/4.9.3/../../../../arm-none-eabi/lib/armv7e-m/fpu/libc_nano.a(lib_a-nano-vfprintf_i.o)
                0x0000000008005720                _printf_i
 .text.printf   0x0000000008005960       0x30 /usr/local/Cellar/arm-none-eabi-gcc/20150921/bin/../lib/gcc/arm-none-eabi/4.9.3/../../../../arm-none-eabi/lib/armv7e-m/fpu/libc_nano.a(lib_a-printf.o)
                0x0000000008005960                printf
                0x0000000008005960                iprintf
 .text.__fpclassifyd
                0x0000000008005990       0x58 /usr/local/Cellar/arm-none-eabi-gcc/20150921/bin/../lib/gcc/arm-none-eabi/4.9.3/../../../../arm-none-eabi/lib/armv7e-m/fpu/libc_nano.a(lib_a-s_fpclassify.o)
                0x0000000008005990                __fpclassifyd
 .text.strlen   0x00000000080059e8       0x10 /usr/local/Cellar/arm-none-eabi-gcc/20150921/bin/../lib/gcc/arm-none-eabi/4.9.3/../../../../arm-none-eabi/lib/armv7e-m/fpu/libc_nano.a(lib_a-strlen.o)
                0x00000000080059e8                strlen
 .text.strtok   0x00000000080059f8       0x64 /usr/local/Cellar/arm-none-eabi-gcc/20150921/bin/../lib/gcc/arm-none-eabi/4.9.3/../../../../arm-none-eabi/lib/armv7e-m/fpu/libc_nano.a(lib_a-strtok.o)
                0x00000000080059f8                strtok
 .text.__strtok_r
                0x0000000008005a5c       0x56 /usr/local/Cellar/arm-none-eabi-gcc/20150921/bin/../lib/gcc/arm-none-eabi/4.9.3/../../../../arm-none-eabi/lib/armv7e-m/fpu/libc_nano.a(lib_a-strtok_r.o)
                0x0000000008005a5c                __strtok_r
 *fill*         0x0000000008005ab2        0x2 
 .text._strtol_r
                0x0000000008005ab4      0x10c /usr/local/Cellar/arm-none-eabi-gcc/20150921/bin/../lib/gcc/arm-none-eabi/4.9.3/../../../../arm-none-eabi/lib/armv7e-m/fpu/libc_nano.a(lib_a-strtol.o)
                0x0000000008005ab4                _strtol_r
 .text.strtol   0x0000000008005bc0       0x1c /usr/local/Cellar/arm-none-eabi-gcc/20150921/bin/../lib/gcc/arm-none-eabi/4.9.3/../../../../arm-none-eabi/lib/armv7e-m/fpu/libc_nano.a(lib_a-strtol.o)
                0x0000000008005bc0                strtol
 .text.quorem   0x0000000008005bdc      0x11a /usr/local/Cellar/arm-none-eabi-gcc/20150921/bin/../lib/gcc/arm-none-eabi/4.9.3/../../../../arm-none-eabi/lib/armv7e-m/fpu/libc_nano.a(lib_a-dtoa.o)
 *fill*         0x0000000008005cf6        0x2 
 .text._dtoa_r  0x0000000008005cf8      0xb80 /usr/local/Cellar/arm-none-eabi-gcc/20150921/bin/../lib/gcc/arm-none-eabi/4.9.3/../../../../arm-none-eabi/lib/armv7e-m/fpu/libc_nano.a(lib_a-dtoa.o)
                0x0000000008005cf8                _dtoa_r
 .text._cleanup_r
                0x0000000008006878        0xc /usr/local/Cellar/arm-none-eabi-gcc/20150921/bin/../lib/gcc/arm-none-eabi/4.9.3/../../../../arm-none-eabi/lib/armv7e-m/fpu/libc_nano.a(lib_a-findfp.o)
                0x0000000008006878                _cleanup_r
 .text.std.isra.0
                0x0000000008006884       0x48 /usr/local/Cellar/arm-none-eabi-gcc/20150921/bin/../lib/gcc/arm-none-eabi/4.9.3/../../../../arm-none-eabi/lib/armv7e-m/fpu/libc_nano.a(lib_a-findfp.o)
 .text.__sfmoreglue
                0x00000000080068cc       0x2c /usr/local/Cellar/arm-none-eabi-gcc/20150921/bin/../lib/gcc/arm-none-eabi/4.9.3/../../../../arm-none-eabi/lib/armv7e-m/fpu/libc_nano.a(lib_a-findfp.o)
                0x00000000080068cc                __sfmoreglue
 .text.__sinit  0x00000000080068f8       0x60 /usr/local/Cellar/arm-none-eabi-gcc/20150921/bin/../lib/gcc/arm-none-eabi/4.9.3/../../../../arm-none-eabi/lib/armv7e-m/fpu/libc_nano.a(lib_a-findfp.o)
                0x00000000080068f8                __sinit
 .text.__sfp    0x0000000008006958       0x74 /usr/local/Cellar/arm-none-eabi-gcc/20150921/bin/../lib/gcc/arm-none-eabi/4.9.3/../../../../arm-none-eabi/lib/armv7e-m/fpu/libc_nano.a(lib_a-findfp.o)
                0x0000000008006958                __sfp
 .text._fwalk_reent
                0x00000000080069cc       0x3c /usr/local/Cellar/arm-none-eabi-gcc/20150921/bin/../lib/gcc/arm-none-eabi/4.9.3/../../../../arm-none-eabi/lib/armv7e-m/fpu/libc_nano.a(lib_a-fwalk.o)
                0x00000000080069cc                _fwalk_reent
 .text._localeconv_r
                0x0000000008006a08        0x8 /usr/local/Cellar/arm-none-eabi-gcc/20150921/bin/../lib/gcc/arm-none-eabi/4.9.3/../../../../arm-none-eabi/lib/armv7e-m/fpu/libc_nano.a(lib_a-locale.o)
                0x0000000008006a08                _localeconv_r
 .text.malloc   0x0000000008006a10       0x10 /usr/local/Cellar/arm-none-eabi-gcc/20150921/bin/../lib/gcc/arm-none-eabi/4.9.3/../../../../arm-none-eabi/lib/armv7e-m/fpu/libc_nano.a(lib_a-malloc.o)
                0x0000000008006a10                malloc
 .text.memchr   0x0000000008006a20       0x1e /usr/local/Cellar/arm-none-eabi-gcc/20150921/bin/../lib/gcc/arm-none-eabi/4.9.3/../../../../arm-none-eabi/lib/armv7e-m/fpu/libc_nano.a(lib_a-memchr.o)
                0x0000000008006a20                memchr
 .text.memcpy   0x0000000008006a3e       0x16 /usr/local/Cellar/arm-none-eabi-gcc/20150921/bin/../lib/gcc/arm-none-eabi/4.9.3/../../../../arm-none-eabi/lib/armv7e-m/fpu/libc_nano.a(lib_a-memcpy.o)
                0x0000000008006a3e                memcpy
 .text._Balloc  0x0000000008006a54       0x6a /usr/local/Cellar/arm-none-eabi-gcc/20150921/bin/../lib/gcc/arm-none-eabi/4.9.3/../../../../arm-none-eabi/lib/armv7e-m/fpu/libc_nano.a(lib_a-mprec.o)
                0x0000000008006a54                _Balloc
 .text._Bfree   0x0000000008006abe       0x2e /usr/local/Cellar/arm-none-eabi-gcc/20150921/bin/../lib/gcc/arm-none-eabi/4.9.3/../../../../arm-none-eabi/lib/armv7e-m/fpu/libc_nano.a(lib_a-mprec.o)
                0x0000000008006abe                _Bfree
 .text.__multadd
                0x0000000008006aec       0x7c /usr/local/Cellar/arm-none-eabi-gcc/20150921/bin/../lib/gcc/arm-none-eabi/4.9.3/../../../../arm-none-eabi/lib/armv7e-m/fpu/libc_nano.a(lib_a-mprec.o)
                0x0000000008006aec                __multadd
 .text.__hi0bits
                0x0000000008006b68       0x40 /usr/local/Cellar/arm-none-eabi-gcc/20150921/bin/../lib/gcc/arm-none-eabi/4.9.3/../../../../arm-none-eabi/lib/armv7e-m/fpu/libc_nano.a(lib_a-mprec.o)
                0x0000000008006b68                __hi0bits
 .text.__lo0bits
                0x0000000008006ba8       0x5a /usr/local/Cellar/arm-none-eabi-gcc/20150921/bin/../lib/gcc/arm-none-eabi/4.9.3/../../../../arm-none-eabi/lib/armv7e-m/fpu/libc_nano.a(lib_a-mprec.o)
                0x0000000008006ba8                __lo0bits
 .text.__i2b    0x0000000008006c02       0x12 /usr/local/Cellar/arm-none-eabi-gcc/20150921/bin/../lib/gcc/arm-none-eabi/4.9.3/../../../../arm-none-eabi/lib/armv7e-m/fpu/libc_nano.a(lib_a-mprec.o)
                0x0000000008006c02                __i2b
 .text.__multiply
                0x0000000008006c14      0x122 /usr/local/Cellar/arm-none-eabi-gcc/20150921/bin/../lib/gcc/arm-none-eabi/4.9.3/../../../../arm-none-eabi/lib/armv7e-m/fpu/libc_nano.a(lib_a-mprec.o)
                0x0000000008006c14                __multiply
 *fill*         0x0000000008006d36        0x2 
 .text.__pow5mult
                0x0000000008006d38       0x9c /usr/local/Cellar/arm-none-eabi-gcc/20150921/bin/../lib/gcc/arm-none-eabi/4.9.3/../../../../arm-none-eabi/lib/armv7e-m/fpu/libc_nano.a(lib_a-mprec.o)
                0x0000000008006d38                __pow5mult
 .text.__lshift
                0x0000000008006dd4       0xa6 /usr/local/Cellar/arm-none-eabi-gcc/20150921/bin/../lib/gcc/arm-none-eabi/4.9.3/../../../../arm-none-eabi/lib/armv7e-m/fpu/libc_nano.a(lib_a-mprec.o)
                0x0000000008006dd4                __lshift
 .text.__mcmp   0x0000000008006e7a       0x38 /usr/local/Cellar/arm-none-eabi-gcc/20150921/bin/../lib/gcc/arm-none-eabi/4.9.3/../../../../arm-none-eabi/lib/armv7e-m/fpu/libc_nano.a(lib_a-mprec.o)
                0x0000000008006e7a                __mcmp
 .text.__mdiff  0x0000000008006eb2       0xbe /usr/local/Cellar/arm-none-eabi-gcc/20150921/bin/../lib/gcc/arm-none-eabi/4.9.3/../../../../arm-none-eabi/lib/armv7e-m/fpu/libc_nano.a(lib_a-mprec.o)
                0x0000000008006eb2                __mdiff
 .text.__d2b    0x0000000008006f70       0xa4 /usr/local/Cellar/arm-none-eabi-gcc/20150921/bin/../lib/gcc/arm-none-eabi/4.9.3/../../../../arm-none-eabi/lib/armv7e-m/fpu/libc_nano.a(lib_a-mprec.o)
                0x0000000008006f70                __d2b
 .text._calloc_r
                0x0000000008007014       0x1c /usr/local/Cellar/arm-none-eabi-gcc/20150921/bin/../lib/gcc/arm-none-eabi/4.9.3/../../../../arm-none-eabi/lib/armv7e-m/fpu/libc_nano.a(lib_a-nano-callocr.o)
                0x0000000008007014                _calloc_r
 .text._free_r  0x0000000008007030       0x88 /usr/local/Cellar/arm-none-eabi-gcc/20150921/bin/../lib/gcc/arm-none-eabi/4.9.3/../../../../arm-none-eabi/lib/armv7e-m/fpu/libc_nano.a(lib_a-nano-freer.o)
                0x0000000008007030                _free_r
 .text._malloc_r
                0x00000000080070b8       0xac /usr/local/Cellar/arm-none-eabi-gcc/20150921/bin/../lib/gcc/arm-none-eabi/4.9.3/../../../../arm-none-eabi/lib/armv7e-m/fpu/libc_nano.a(lib_a-nano-mallocr.o)
                0x00000000080070b8                _malloc_r
 .text.__sfputc_r
                0x0000000008007164       0x2c /usr/local/Cellar/arm-none-eabi-gcc/20150921/bin/../lib/gcc/arm-none-eabi/4.9.3/../../../../arm-none-eabi/lib/armv7e-m/fpu/libc_nano.a(lib_a-nano-vfprintf.o)
 .text.__sfputs_r
                0x0000000008007190       0x24 /usr/local/Cellar/arm-none-eabi-gcc/20150921/bin/../lib/gcc/arm-none-eabi/4.9.3/../../../../arm-none-eabi/lib/armv7e-m/fpu/libc_nano.a(lib_a-nano-vfprintf.o)
                0x0000000008007190                __sfputs_r
 .text._vfprintf_r
                0x00000000080071b4      0x210 /usr/local/Cellar/arm-none-eabi-gcc/20150921/bin/../lib/gcc/arm-none-eabi/4.9.3/../../../../arm-none-eabi/lib/armv7e-m/fpu/libc_nano.a(lib_a-nano-vfprintf.o)
                0x00000000080071b4                _vfiprintf_r
                0x00000000080071b4                _vfprintf_r
 .text._sbrk_r  0x00000000080073c4       0x20 /usr/local/Cellar/arm-none-eabi-gcc/20150921/bin/../lib/gcc/arm-none-eabi/4.9.3/../../../../arm-none-eabi/lib/armv7e-m/fpu/libc_nano.a(lib_a-sbrkr.o)
                0x00000000080073c4                _sbrk_r
 .text.__sread  0x00000000080073e4       0x22 /usr/local/Cellar/arm-none-eabi-gcc/20150921/bin/../lib/gcc/arm-none-eabi/4.9.3/../../../../arm-none-eabi/lib/armv7e-m/fpu/libc_nano.a(lib_a-stdio.o)
                0x00000000080073e4                __sread
 .text.__swrite
                0x0000000008007406       0x38 /usr/local/Cellar/arm-none-eabi-gcc/20150921/bin/../lib/gcc/arm-none-eabi/4.9.3/../../../../arm-none-eabi/lib/armv7e-m/fpu/libc_nano.a(lib_a-stdio.o)
                0x0000000008007406                __swrite
 .text.__sseek  0x000000000800743e       0x24 /usr/local/Cellar/arm-none-eabi-gcc/20150921/bin/../lib/gcc/arm-none-eabi/4.9.3/../../../../arm-none-eabi/lib/armv7e-m/fpu/libc_nano.a(lib_a-stdio.o)
                0x000000000800743e                __sseek
 .text.__sclose
                0x0000000008007462        0x8 /usr/local/Cellar/arm-none-eabi-gcc/20150921/bin/../lib/gcc/arm-none-eabi/4.9.3/../../../../arm-none-eabi/lib/armv7e-m/fpu/libc_nano.a(lib_a-stdio.o)
                0x0000000008007462                __sclose
 *fill*         0x000000000800746a        0x2 
 .text.__swbuf_r
                0x000000000800746c       0xa8 /usr/local/Cellar/arm-none-eabi-gcc/20150921/bin/../lib/gcc/arm-none-eabi/4.9.3/../../../../arm-none-eabi/lib/armv7e-m/fpu/libc_nano.a(lib_a-wbuf.o)
                0x000000000800746c                __swbuf_r
 .text._write_r
                0x0000000008007514       0x24 /usr/local/Cellar/arm-none-eabi-gcc/20150921/bin/../lib/gcc/arm-none-eabi/4.9.3/../../../../arm-none-eabi/lib/armv7e-m/fpu/libc_nano.a(lib_a-writer.o)
                0x0000000008007514                _write_r
 .text.__swsetup_r
                0x0000000008007538       0xd8 /usr/local/Cellar/arm-none-eabi-gcc/20150921/bin/../lib/gcc/arm-none-eabi/4.9.3/../../../../arm-none-eabi/lib/armv7e-m/fpu/libc_nano.a(lib_a-wsetup.o)
                0x0000000008007538                __swsetup_r
 .text._close_r
                0x0000000008007610       0x20 /usr/local/Cellar/arm-none-eabi-gcc/20150921/bin/../lib/gcc/arm-none-eabi/4.9.3/../../../../arm-none-eabi/lib/armv7e-m/fpu/libc_nano.a(lib_a-closer.o)
                0x0000000008007610                _close_r
 .text.__sflush_r
                0x0000000008007630      0x108 /usr/local/Cellar/arm-none-eabi-gcc/20150921/bin/../lib/gcc/arm-none-eabi/4.9.3/../../../../arm-none-eabi/lib/armv7e-m/fpu/libc_nano.a(lib_a-fflush.o)
                0x0000000008007630                __sflush_r
 .text._fflush_r
                0x0000000008007738       0x54 /usr/local/Cellar/arm-none-eabi-gcc/20150921/bin/../lib/gcc/arm-none-eabi/4.9.3/../../../../arm-none-eabi/lib/armv7e-m/fpu/libc_nano.a(lib_a-fflush.o)
                0x0000000008007738                _fflush_r
 .text._lseek_r
                0x000000000800778c       0x24 /usr/local/Cellar/arm-none-eabi-gcc/20150921/bin/../lib/gcc/arm-none-eabi/4.9.3/../../../../arm-none-eabi/lib/armv7e-m/fpu/libc_nano.a(lib_a-lseekr.o)
                0x000000000800778c                _lseek_r
 .text.__smakebuf_r
                0x00000000080077b0       0x9c /usr/local/Cellar/arm-none-eabi-gcc/20150921/bin/../lib/gcc/arm-none-eabi/4.9.3/../../../../arm-none-eabi/lib/armv7e-m/fpu/libc_nano.a(lib_a-makebuf.o)
                0x00000000080077b0                __smakebuf_r
 .text._read_r  0x000000000800784c       0x24 /usr/local/Cellar/arm-none-eabi-gcc/20150921/bin/../lib/gcc/arm-none-eabi/4.9.3/../../../../arm-none-eabi/lib/armv7e-m/fpu/libc_nano.a(lib_a-readr.o)
                0x000000000800784c                _read_r
 .text._fstat_r
                0x0000000008007870       0x24 /usr/local/Cellar/arm-none-eabi-gcc/20150921/bin/../lib/gcc/arm-none-eabi/4.9.3/../../../../arm-none-eabi/lib/armv7e-m/fpu/libc_nano.a(lib_a-fstatr.o)
                0x0000000008007870                _fstat_r
 .text._isatty_r
                0x0000000008007894       0x20 /usr/local/Cellar/arm-none-eabi-gcc/20150921/bin/../lib/gcc/arm-none-eabi/4.9.3/../../../../arm-none-eabi/lib/armv7e-m/fpu/libc_nano.a(lib_a-isattyr.o)
                0x0000000008007894                _isatty_r
 .text._close   0x00000000080078b4       0x10 /usr/local/Cellar/arm-none-eabi-gcc/20150921/bin/../lib/gcc/arm-none-eabi/4.9.3/../../../../arm-none-eabi/lib/armv7e-m/fpu/libnosys.a(close.o)
                0x00000000080078b4                _close
 .text._fstat   0x00000000080078c4       0x10 /usr/local/Cellar/arm-none-eabi-gcc/20150921/bin/../lib/gcc/arm-none-eabi/4.9.3/../../../../arm-none-eabi/lib/armv7e-m/fpu/libnosys.a(fstat.o)
                0x00000000080078c4                _fstat
 .text._isatty  0x00000000080078d4       0x10 /usr/local/Cellar/arm-none-eabi-gcc/20150921/bin/../lib/gcc/arm-none-eabi/4.9.3/../../../../arm-none-eabi/lib/armv7e-m/fpu/libnosys.a(isatty.o)
                0x00000000080078d4                _isatty
 .text._lseek   0x00000000080078e4       0x10 /usr/local/Cellar/arm-none-eabi-gcc/20150921/bin/../lib/gcc/arm-none-eabi/4.9.3/../../../../arm-none-eabi/lib/armv7e-m/fpu/libnosys.a(lseek.o)
                0x00000000080078e4                _lseek
 .text._read    0x00000000080078f4       0x10 /usr/local/Cellar/arm-none-eabi-gcc/20150921/bin/../lib/gcc/arm-none-eabi/4.9.3/../../../../arm-none-eabi/lib/armv7e-m/fpu/libnosys.a(read.o)
                0x00000000080078f4                _read
 .text._sbrk    0x0000000008007904       0x1c /usr/local/Cellar/arm-none-eabi-gcc/20150921/bin/../lib/gcc/arm-none-eabi/4.9.3/../../../../arm-none-eabi/lib/armv7e-m/fpu/libnosys.a(sbrk.o)
                0x0000000008007904                _sbrk
 *(.glue_7)
 .glue_7        0x0000000000000000        0x0 linker stubs
 *(.glue_7t)
 .glue_7t       0x0000000000000000        0x0 linker stubs
 *(.eh_frame)
 .eh_frame      0x0000000008007920        0x0 /usr/local/Cellar/arm-none-eabi-gcc/20150921/bin/../lib/gcc/arm-none-eabi/4.9.3/armv7e-m/fpu/crtbegin.o
 *(.init)
 .init          0x0000000008007920        0x4 /usr/local/Cellar/arm-none-eabi-gcc/20150921/bin/../lib/gcc/arm-none-eabi/4.9.3/armv7e-m/fpu/crti.o
                0x0000000008007920                _init
 .init          0x0000000008007924        0x8 /usr/local/Cellar/arm-none-eabi-gcc/20150921/bin/../lib/gcc/arm-none-eabi/4.9.3/armv7e-m/fpu/crtn.o
 *(.fini)
 .fini          0x000000000800792c        0x4 /usr/local/Cellar/arm-none-eabi-gcc/20150921/bin/../lib/gcc/arm-none-eabi/4.9.3/armv7e-m/fpu/crti.o
                0x000000000800792c                _fini
 .fini          0x0000000008007930        0x8 /usr/local/Cellar/arm-none-eabi-gcc/20150921/bin/../lib/gcc/arm-none-eabi/4.9.3/armv7e-m/fpu/crtn.o
                0x0000000008007938                . = ALIGN (0x4)
                0x0000000008007938                _etext = .

.vfp11_veneer   0x0000000008007938        0x0
 .vfp11_veneer  0x0000000000000000        0x0 linker stubs

.v4_bx          0x0000000008007938        0x0
 .v4_bx         0x0000000000000000        0x0 linker stubs

.iplt           0x0000000008007938        0x0
 .iplt          0x0000000000000000        0x0 /usr/local/Cellar/arm-none-eabi-gcc/20150921/bin/../lib/gcc/arm-none-eabi/4.9.3/armv7e-m/fpu/crtbegin.o

.rodata         0x0000000008007938      0x318
                0x0000000008007938                . = ALIGN (0x4)
 *(.rodata)
 .rodata        0x0000000008007938        0x7 build/control.o
 *fill*         0x000000000800793f        0x1 
 .rodata        0x0000000008007940       0x14 build/uartProtocol.o
 *(.rodata*)
 .rodata.AHBPrescTable
                0x0000000008007954       0x10 build/system_stm32f3xx.o
                0x0000000008007954                AHBPrescTable
 .rodata.APBPrescTable
                0x0000000008007964        0x8 build/system_stm32f3xx.o
                0x0000000008007964                APBPrescTable
 .rodata.aPLLMULFactorTable
                0x000000000800796c       0x10 build/stm32f3xx_hal_rcc.o
                0x000000000800796c                aPLLMULFactorTable
 .rodata.aPredivFactorTable
                0x000000000800797c       0x10 build/stm32f3xx_hal_rcc.o
                0x000000000800797c                aPredivFactorTable
 .rodata.str1.1
                0x000000000800798c        0x2 /usr/local/Cellar/arm-none-eabi-gcc/20150921/bin/../lib/gcc/arm-none-eabi/4.9.3/../../../../arm-none-eabi/lib/armv7e-m/fpu/libc_nano.a(lib_a-impure.o)
 *fill*         0x000000000800798e        0x2 
 .rodata._global_impure_ptr
                0x0000000008007990        0x4 /usr/local/Cellar/arm-none-eabi-gcc/20150921/bin/../lib/gcc/arm-none-eabi/4.9.3/../../../../arm-none-eabi/lib/armv7e-m/fpu/libc_nano.a(lib_a-impure.o)
                0x0000000008007990                _global_impure_ptr
 .rodata.str1.1
                0x0000000008007994       0x12 /usr/local/Cellar/arm-none-eabi-gcc/20150921/bin/../lib/gcc/arm-none-eabi/4.9.3/../../../../arm-none-eabi/lib/armv7e-m/fpu/libc_nano.a(lib_a-nano-vfprintf_float.o)
 .rodata.str1.1
                0x00000000080079a6       0x22 /usr/local/Cellar/arm-none-eabi-gcc/20150921/bin/../lib/gcc/arm-none-eabi/4.9.3/../../../../arm-none-eabi/lib/armv7e-m/fpu/libc_nano.a(lib_a-nano-vfprintf_i.o)
 .rodata._ctype_
                0x00000000080079c8      0x101 /usr/local/Cellar/arm-none-eabi-gcc/20150921/bin/../lib/gcc/arm-none-eabi/4.9.3/../../../../arm-none-eabi/lib/armv7e-m/fpu/libc_nano.a(lib_a-ctype_.o)
                0x00000000080079c8                _ctype_
 .rodata.str1.1
                0x0000000008007ac9        0xd /usr/local/Cellar/arm-none-eabi-gcc/20150921/bin/../lib/gcc/arm-none-eabi/4.9.3/../../../../arm-none-eabi/lib/armv7e-m/fpu/libc_nano.a(lib_a-dtoa.o)
                                          0xf (size before relaxing)
 *fill*         0x0000000008007ad6        0x2 
 .rodata.__sf_fake_stdin
                0x0000000008007ad8       0x20 /usr/local/Cellar/arm-none-eabi-gcc/20150921/bin/../lib/gcc/arm-none-eabi/4.9.3/../../../../arm-none-eabi/lib/armv7e-m/fpu/libc_nano.a(lib_a-findfp.o)
                0x0000000008007ad8                __sf_fake_stdin
 .rodata.__sf_fake_stdout
                0x0000000008007af8       0x20 /usr/local/Cellar/arm-none-eabi-gcc/20150921/bin/../lib/gcc/arm-none-eabi/4.9.3/../../../../arm-none-eabi/lib/armv7e-m/fpu/libc_nano.a(lib_a-findfp.o)
                0x0000000008007af8                __sf_fake_stdout
 .rodata.__sf_fake_stderr
                0x0000000008007b18       0x20 /usr/local/Cellar/arm-none-eabi-gcc/20150921/bin/../lib/gcc/arm-none-eabi/4.9.3/../../../../arm-none-eabi/lib/armv7e-m/fpu/libc_nano.a(lib_a-findfp.o)
                0x0000000008007b18                __sf_fake_stderr
 .rodata.str1.1
                0x0000000008007b38        0x8 /usr/local/Cellar/arm-none-eabi-gcc/20150921/bin/../lib/gcc/arm-none-eabi/4.9.3/../../../../arm-none-eabi/lib/armv7e-m/fpu/libc_nano.a(lib_a-locale.o)
                                          0xb (size before relaxing)
 .rodata.__mprec_tens
                0x0000000008007b40       0xc8 /usr/local/Cellar/arm-none-eabi-gcc/20150921/bin/../lib/gcc/arm-none-eabi/4.9.3/../../../../arm-none-eabi/lib/armv7e-m/fpu/libc_nano.a(lib_a-mprec.o)
                0x0000000008007b40                __mprec_tens
 .rodata.__mprec_bigtens
                0x0000000008007c08       0x28 /usr/local/Cellar/arm-none-eabi-gcc/20150921/bin/../lib/gcc/arm-none-eabi/4.9.3/../../../../arm-none-eabi/lib/armv7e-m/fpu/libc_nano.a(lib_a-mprec.o)
                0x0000000008007c08                __mprec_bigtens
 .rodata.p05.5314
                0x0000000008007c30        0xc /usr/local/Cellar/arm-none-eabi-gcc/20150921/bin/../lib/gcc/arm-none-eabi/4.9.3/../../../../arm-none-eabi/lib/armv7e-m/fpu/libc_nano.a(lib_a-mprec.o)
 .rodata.str1.1
                0x0000000008007c3c       0x11 /usr/local/Cellar/arm-none-eabi-gcc/20150921/bin/../lib/gcc/arm-none-eabi/4.9.3/../../../../arm-none-eabi/lib/armv7e-m/fpu/libc_nano.a(lib_a-nano-vfprintf.o)
                0x0000000008007c50                . = ALIGN (0x4)
 *fill*         0x0000000008007c4d        0x3 

.rel.dyn        0x0000000008007c50        0x0
 .rel.iplt      0x0000000000000000        0x0 /usr/local/Cellar/arm-none-eabi-gcc/20150921/bin/../lib/gcc/arm-none-eabi/4.9.3/armv7e-m/fpu/crtbegin.o

.ARM.extab
 *(.ARM.extab* .gnu.linkonce.armextab.*)

.ARM            0x0000000008007c50        0x0
                0x0000000008007c50                __exidx_start = .
 *(.ARM.exidx*)
                0x0000000008007c50                __exidx_end = .

.preinit_array  0x0000000008007c50        0x0
                0x0000000008007c50                PROVIDE (__preinit_array_start, .)
 *(.preinit_array*)
                0x0000000008007c50                PROVIDE (__preinit_array_end, .)

.init_array     0x0000000008007c50        0x4
                0x0000000008007c50                PROVIDE (__init_array_start, .)
 *(SORT(.init_array.*))
 *(.init_array*)
 .init_array    0x0000000008007c50        0x4 /usr/local/Cellar/arm-none-eabi-gcc/20150921/bin/../lib/gcc/arm-none-eabi/4.9.3/armv7e-m/fpu/crtbegin.o
                0x0000000008007c54                PROVIDE (__init_array_end, .)

.fini_array     0x0000000008007c54        0x4
                0x0000000008007c54                PROVIDE (__fini_array_start, .)
 *(SORT(.fini_array.*))
 *(.fini_array*)
 .fini_array    0x0000000008007c54        0x4 /usr/local/Cellar/arm-none-eabi-gcc/20150921/bin/../lib/gcc/arm-none-eabi/4.9.3/armv7e-m/fpu/crtbegin.o
                0x0000000008007c58                PROVIDE (__fini_array_end, .)
                0x0000000008007c58                _sidata = LOADADDR (.data)

.data           0x0000000020000000       0xa8 load address 0x0000000008007c58
                0x0000000020000000                . = ALIGN (0x4)
                0x0000000020000000                _sdata = .
 *(.data)
 *(.data*)
 .data.SystemCoreClock
                0x0000000020000000        0x4 build/system_stm32f3xx.o
                0x0000000020000000                SystemCoreClock
 .data.currentControl
                0x0000000020000004        0x1 build/control.o
                0x0000000020000004                currentControl
 *fill*         0x0000000020000005        0x3 
 .data.impure_data
                0x0000000020000008       0x60 /usr/local/Cellar/arm-none-eabi-gcc/20150921/bin/../lib/gcc/arm-none-eabi/4.9.3/../../../../arm-none-eabi/lib/armv7e-m/fpu/libc_nano.a(lib_a-impure.o)
 .data._impure_ptr
                0x0000000020000068        0x4 /usr/local/Cellar/arm-none-eabi-gcc/20150921/bin/../lib/gcc/arm-none-eabi/4.9.3/../../../../arm-none-eabi/lib/armv7e-m/fpu/libc_nano.a(lib_a-impure.o)
                0x0000000020000068                _impure_ptr
 .data.__ctype_ptr__
                0x000000002000006c        0x4 /usr/local/Cellar/arm-none-eabi-gcc/20150921/bin/../lib/gcc/arm-none-eabi/4.9.3/../../../../arm-none-eabi/lib/armv7e-m/fpu/libc_nano.a(lib_a-ctype_.o)
                0x000000002000006c                __ctype_ptr__
 .data.lconv    0x0000000020000070       0x38 /usr/local/Cellar/arm-none-eabi-gcc/20150921/bin/../lib/gcc/arm-none-eabi/4.9.3/../../../../arm-none-eabi/lib/armv7e-m/fpu/libc_nano.a(lib_a-locale.o)
                0x00000000200000a8                . = ALIGN (0x4)
                0x00000000200000a8                _edata = .
                0x0000000008007d00                _siccmram = LOADADDR (.ccmram)

.jcr            0x00000000200000a8        0x0 load address 0x0000000008007d00
 .jcr           0x00000000200000a8        0x0 /usr/local/Cellar/arm-none-eabi-gcc/20150921/bin/../lib/gcc/arm-none-eabi/4.9.3/armv7e-m/fpu/crtbegin.o

.igot.plt       0x00000000200000a8        0x0 load address 0x0000000008007d00
 .igot.plt      0x0000000000000000        0x0 /usr/local/Cellar/arm-none-eabi-gcc/20150921/bin/../lib/gcc/arm-none-eabi/4.9.3/armv7e-m/fpu/crtbegin.o

.ccmram         0x0000000010000000        0x0 load address 0x0000000008007d00
                0x0000000010000000                . = ALIGN (0x4)
                0x0000000010000000                _sccmram = .
 *(.ccmram)
 *(.ccmram*)
                0x0000000010000000                . = ALIGN (0x4)
                0x0000000010000000                _eccmram = .
                0x0000000010000000                . = ALIGN (0x4)

.bss            0x00000000200000a8      0x22c
                0x00000000200000a8                _sbss = .
                0x00000000200000a8                __bss_start__ = _sbss
 *(.bss)
 .bss           0x00000000200000a8       0x1c /usr/local/Cellar/arm-none-eabi-gcc/20150921/bin/../lib/gcc/arm-none-eabi/4.9.3/armv7e-m/fpu/crtbegin.o
 *(.bss*)
 .bss.controlRunning
                0x00000000200000c4        0x1 build/control.o
                0x00000000200000c4                controlRunning
 *fill*         0x00000000200000c5        0x3 
 .bss.__malloc_sbrk_start
                0x00000000200000c8        0x4 /usr/local/Cellar/arm-none-eabi-gcc/20150921/bin/../lib/gcc/arm-none-eabi/4.9.3/../../../../arm-none-eabi/lib/armv7e-m/fpu/libc_nano.a(lib_a-nano-mallocr.o)
                0x00000000200000c8                __malloc_sbrk_start
 .bss.__malloc_free_list
                0x00000000200000cc        0x4 /usr/local/Cellar/arm-none-eabi-gcc/20150921/bin/../lib/gcc/arm-none-eabi/4.9.3/../../../../arm-none-eabi/lib/armv7e-m/fpu/libc_nano.a(lib_a-nano-mallocr.o)
                0x00000000200000cc                __malloc_free_list
 .bss.heap_end.4079
                0x00000000200000d0        0x4 /usr/local/Cellar/arm-none-eabi-gcc/20150921/bin/../lib/gcc/arm-none-eabi/4.9.3/../../../../arm-none-eabi/lib/armv7e-m/fpu/libnosys.a(sbrk.o)
 *(COMMON)
 COMMON         0x00000000200000d4        0x4 build/stm32f3xx_hal.o
                0x00000000200000d4                uwTick
 COMMON         0x00000000200000d8      0x1d4 build/main.o
                0x00000000200000d8                tim17
                0x00000000200000dc                leftVel
                0x00000000200000de                rightVel
                0x00000000200000e0                htim17
                0x000000002000011c                previousRightTicks
                0x0000000020000120                lastIter
                0x0000000020000124                hcan
                0x0000000020000164                tim2
                0x0000000020000168                htim3
                0x00000000200001a4                rightPos
                0x00000000200001a8                can
                0x00000000200001ac                tim3
                0x00000000200001b0                leftPos
                0x00000000200001b4                uart_rx_buf
                0x00000000200001b5                uart_rx_index
                0x00000000200001b8                htim2
                0x00000000200001f4                previousLeftTicks
                0x00000000200001f8                huart2
                0x0000000020000268                uart
                0x000000002000026c                htim16
                0x00000000200002a8                tim16
 COMMON         0x00000000200002ac       0x22 build/uart.o
                0x00000000200002ac                uart_rx_cplt
                0x00000000200002b0                uart_rx_data
 *fill*         0x00000000200002ce        0x2 
 COMMON         0x00000000200002d0        0x4 /usr/local/Cellar/arm-none-eabi-gcc/20150921/bin/../lib/gcc/arm-none-eabi/4.9.3/../../../../arm-none-eabi/lib/armv7e-m/fpu/libc_nano.a(lib_a-reent.o)
                0x00000000200002d0                errno
                0x00000000200002d4                . = ALIGN (0x4)
                0x00000000200002d4                _ebss = .
                0x00000000200002d4                __bss_end__ = _ebss

._user_heap_stack
                0x00000000200002d4      0x604
                0x00000000200002d8                . = ALIGN (0x8)
 *fill*         0x00000000200002d4        0x4 
                0x00000000200002d8                PROVIDE (end, .)
                0x00000000200002d8                PROVIDE (_end, .)
                0x00000000200004d8                . = (. + _Min_Heap_Size)
 *fill*         0x00000000200002d8      0x200 
                0x00000000200008d8                . = (. + _Min_Stack_Size)
 *fill*         0x00000000200004d8      0x400 
                0x00000000200008d8                . = ALIGN (0x8)

/DISCARD/
 libc.a(*)
 libm.a(*)
 libgcc.a(*)

.ARM.attributes
                0x0000000000000000       0x30
 *(.ARM.attributes)
 .ARM.attributes
                0x0000000000000000       0x22 /usr/local/Cellar/arm-none-eabi-gcc/20150921/bin/../lib/gcc/arm-none-eabi/4.9.3/armv7e-m/fpu/crti.o
 .ARM.attributes
                0x0000000000000022       0x34 /usr/local/Cellar/arm-none-eabi-gcc/20150921/bin/../lib/gcc/arm-none-eabi/4.9.3/armv7e-m/fpu/crtbegin.o
 .ARM.attributes
                0x0000000000000056       0x39 build/system_stm32f3xx.o
 .ARM.attributes
                0x000000000000008f       0x39 build/stm32f3xx_hal.o
 .ARM.attributes
                0x00000000000000c8       0x39 build/stm32f3xx_hal_can.o
 .ARM.attributes
                0x0000000000000101       0x39 build/stm32f3xx_hal_cortex.o
 .ARM.attributes
                0x000000000000013a       0x39 build/stm32f3xx_hal_gpio.o
 .ARM.attributes
                0x0000000000000173       0x39 build/stm32f3xx_hal_rcc.o
 .ARM.attributes
                0x00000000000001ac       0x39 build/stm32f3xx_hal_tim.o
 .ARM.attributes
                0x00000000000001e5       0x39 build/stm32f3xx_hal_tim_ex.o
 .ARM.attributes
                0x000000000000021e       0x39 build/stm32f3xx_hal_uart.o
 .ARM.attributes
                0x0000000000000257       0x39 build/stm32f3xx_hal_uart_ex.o
 .ARM.attributes
                0x0000000000000290       0x39 build/main.o
 .ARM.attributes
                0x00000000000002c9       0x39 build/motionController.o
 .ARM.attributes
                0x0000000000000302       0x39 build/stm32f3xx_hal_msp.o
 .ARM.attributes
                0x000000000000033b       0x39 build/stm32f3xx_it.o
 .ARM.attributes
                0x0000000000000374       0x39 build/control.o
 .ARM.attributes
                0x00000000000003ad       0x39 build/can.o
 .ARM.attributes
                0x00000000000003e6       0x39 build/uart.o
 .ARM.attributes
                0x000000000000041f       0x39 build/encoders.o
 .ARM.attributes
                0x0000000000000458       0x39 build/pwm.o
 .ARM.attributes
                0x0000000000000491       0x39 build/uartProtocol.o
 .ARM.attributes
                0x00000000000004ca       0x21 build/startup_stm32f303x8.o
 .ARM.attributes
                0x00000000000004eb       0x34 /usr/local/Cellar/arm-none-eabi-gcc/20150921/bin/../lib/gcc/arm-none-eabi/4.9.3/../../../../arm-none-eabi/lib/armv7e-m/fpu/libc_nano.a(lib_a-atoi.o)
 .ARM.attributes
                0x000000000000051f       0x34 /usr/local/Cellar/arm-none-eabi-gcc/20150921/bin/../lib/gcc/arm-none-eabi/4.9.3/../../../../arm-none-eabi/lib/armv7e-m/fpu/libc_nano.a(lib_a-impure.o)
 .ARM.attributes
                0x0000000000000553       0x34 /usr/local/Cellar/arm-none-eabi-gcc/20150921/bin/../lib/gcc/arm-none-eabi/4.9.3/../../../../arm-none-eabi/lib/armv7e-m/fpu/libc_nano.a(lib_a-init.o)
 .ARM.attributes
                0x0000000000000587       0x34 /usr/local/Cellar/arm-none-eabi-gcc/20150921/bin/../lib/gcc/arm-none-eabi/4.9.3/../../../../arm-none-eabi/lib/armv7e-m/fpu/libc_nano.a(lib_a-memset.o)
 .ARM.attributes
                0x00000000000005bb       0x34 /usr/local/Cellar/arm-none-eabi-gcc/20150921/bin/../lib/gcc/arm-none-eabi/4.9.3/../../../../arm-none-eabi/lib/armv7e-m/fpu/libc_nano.a(lib_a-nano-vfprintf_float.o)
 .ARM.attributes
                0x00000000000005ef       0x34 /usr/local/Cellar/arm-none-eabi-gcc/20150921/bin/../lib/gcc/arm-none-eabi/4.9.3/../../../../arm-none-eabi/lib/armv7e-m/fpu/libc_nano.a(lib_a-nano-vfprintf_i.o)
 .ARM.attributes
                0x0000000000000623       0x34 /usr/local/Cellar/arm-none-eabi-gcc/20150921/bin/../lib/gcc/arm-none-eabi/4.9.3/../../../../arm-none-eabi/lib/armv7e-m/fpu/libc_nano.a(lib_a-printf.o)
 .ARM.attributes
                0x0000000000000657       0x34 /usr/local/Cellar/arm-none-eabi-gcc/20150921/bin/../lib/gcc/arm-none-eabi/4.9.3/../../../../arm-none-eabi/lib/armv7e-m/fpu/libc_nano.a(lib_a-s_fpclassify.o)
 .ARM.attributes
                0x000000000000068b       0x34 /usr/local/Cellar/arm-none-eabi-gcc/20150921/bin/../lib/gcc/arm-none-eabi/4.9.3/../../../../arm-none-eabi/lib/armv7e-m/fpu/libc_nano.a(lib_a-strlen.o)
 .ARM.attributes
                0x00000000000006bf       0x34 /usr/local/Cellar/arm-none-eabi-gcc/20150921/bin/../lib/gcc/arm-none-eabi/4.9.3/../../../../arm-none-eabi/lib/armv7e-m/fpu/libc_nano.a(lib_a-strtok.o)
 .ARM.attributes
                0x00000000000006f3       0x34 /usr/local/Cellar/arm-none-eabi-gcc/20150921/bin/../lib/gcc/arm-none-eabi/4.9.3/../../../../arm-none-eabi/lib/armv7e-m/fpu/libc_nano.a(lib_a-strtok_r.o)
 .ARM.attributes
                0x0000000000000727       0x34 /usr/local/Cellar/arm-none-eabi-gcc/20150921/bin/../lib/gcc/arm-none-eabi/4.9.3/../../../../arm-none-eabi/lib/armv7e-m/fpu/libc_nano.a(lib_a-strtol.o)
 .ARM.attributes
                0x000000000000075b       0x34 /usr/local/Cellar/arm-none-eabi-gcc/20150921/bin/../lib/gcc/arm-none-eabi/4.9.3/../../../../arm-none-eabi/lib/armv7e-m/fpu/libc_nano.a(lib_a-ctype_.o)
 .ARM.attributes
                0x000000000000078f       0x34 /usr/local/Cellar/arm-none-eabi-gcc/20150921/bin/../lib/gcc/arm-none-eabi/4.9.3/../../../../arm-none-eabi/lib/armv7e-m/fpu/libc_nano.a(lib_a-dtoa.o)
 .ARM.attributes
                0x00000000000007c3       0x34 /usr/local/Cellar/arm-none-eabi-gcc/20150921/bin/../lib/gcc/arm-none-eabi/4.9.3/../../../../arm-none-eabi/lib/armv7e-m/fpu/libc_nano.a(lib_a-findfp.o)
 .ARM.attributes
                0x00000000000007f7       0x34 /usr/local/Cellar/arm-none-eabi-gcc/20150921/bin/../lib/gcc/arm-none-eabi/4.9.3/../../../../arm-none-eabi/lib/armv7e-m/fpu/libc_nano.a(lib_a-fwalk.o)
 .ARM.attributes
                0x000000000000082b       0x34 /usr/local/Cellar/arm-none-eabi-gcc/20150921/bin/../lib/gcc/arm-none-eabi/4.9.3/../../../../arm-none-eabi/lib/armv7e-m/fpu/libc_nano.a(lib_a-locale.o)
 .ARM.attributes
                0x000000000000085f       0x34 /usr/local/Cellar/arm-none-eabi-gcc/20150921/bin/../lib/gcc/arm-none-eabi/4.9.3/../../../../arm-none-eabi/lib/armv7e-m/fpu/libc_nano.a(lib_a-malloc.o)
 .ARM.attributes
                0x0000000000000893       0x34 /usr/local/Cellar/arm-none-eabi-gcc/20150921/bin/../lib/gcc/arm-none-eabi/4.9.3/../../../../arm-none-eabi/lib/armv7e-m/fpu/libc_nano.a(lib_a-memchr.o)
 .ARM.attributes
                0x00000000000008c7       0x34 /usr/local/Cellar/arm-none-eabi-gcc/20150921/bin/../lib/gcc/arm-none-eabi/4.9.3/../../../../arm-none-eabi/lib/armv7e-m/fpu/libc_nano.a(lib_a-memcpy.o)
 .ARM.attributes
                0x00000000000008fb       0x34 /usr/local/Cellar/arm-none-eabi-gcc/20150921/bin/../lib/gcc/arm-none-eabi/4.9.3/../../../../arm-none-eabi/lib/armv7e-m/fpu/libc_nano.a(lib_a-mprec.o)
 .ARM.attributes
                0x000000000000092f       0x34 /usr/local/Cellar/arm-none-eabi-gcc/20150921/bin/../lib/gcc/arm-none-eabi/4.9.3/../../../../arm-none-eabi/lib/armv7e-m/fpu/libc_nano.a(lib_a-nano-callocr.o)
 .ARM.attributes
                0x0000000000000963       0x34 /usr/local/Cellar/arm-none-eabi-gcc/20150921/bin/../lib/gcc/arm-none-eabi/4.9.3/../../../../arm-none-eabi/lib/armv7e-m/fpu/libc_nano.a(lib_a-nano-freer.o)
 .ARM.attributes
                0x0000000000000997       0x34 /usr/local/Cellar/arm-none-eabi-gcc/20150921/bin/../lib/gcc/arm-none-eabi/4.9.3/../../../../arm-none-eabi/lib/armv7e-m/fpu/libc_nano.a(lib_a-nano-mallocr.o)
 .ARM.attributes
                0x00000000000009cb       0x34 /usr/local/Cellar/arm-none-eabi-gcc/20150921/bin/../lib/gcc/arm-none-eabi/4.9.3/../../../../arm-none-eabi/lib/armv7e-m/fpu/libc_nano.a(lib_a-nano-vfprintf.o)
 .ARM.attributes
                0x00000000000009ff       0x34 /usr/local/Cellar/arm-none-eabi-gcc/20150921/bin/../lib/gcc/arm-none-eabi/4.9.3/../../../../arm-none-eabi/lib/armv7e-m/fpu/libc_nano.a(lib_a-sbrkr.o)
 .ARM.attributes
                0x0000000000000a33       0x34 /usr/local/Cellar/arm-none-eabi-gcc/20150921/bin/../lib/gcc/arm-none-eabi/4.9.3/../../../../arm-none-eabi/lib/armv7e-m/fpu/libc_nano.a(lib_a-stdio.o)
 .ARM.attributes
                0x0000000000000a67       0x34 /usr/local/Cellar/arm-none-eabi-gcc/20150921/bin/../lib/gcc/arm-none-eabi/4.9.3/../../../../arm-none-eabi/lib/armv7e-m/fpu/libc_nano.a(lib_a-wbuf.o)
 .ARM.attributes
                0x0000000000000a9b       0x34 /usr/local/Cellar/arm-none-eabi-gcc/20150921/bin/../lib/gcc/arm-none-eabi/4.9.3/../../../../arm-none-eabi/lib/armv7e-m/fpu/libc_nano.a(lib_a-writer.o)
 .ARM.attributes
                0x0000000000000acf       0x34 /usr/local/Cellar/arm-none-eabi-gcc/20150921/bin/../lib/gcc/arm-none-eabi/4.9.3/../../../../arm-none-eabi/lib/armv7e-m/fpu/libc_nano.a(lib_a-wsetup.o)
 .ARM.attributes
                0x0000000000000b03       0x34 /usr/local/Cellar/arm-none-eabi-gcc/20150921/bin/../lib/gcc/arm-none-eabi/4.9.3/../../../../arm-none-eabi/lib/armv7e-m/fpu/libc_nano.a(lib_a-closer.o)
 .ARM.attributes
                0x0000000000000b37       0x34 /usr/local/Cellar/arm-none-eabi-gcc/20150921/bin/../lib/gcc/arm-none-eabi/4.9.3/../../../../arm-none-eabi/lib/armv7e-m/fpu/libc_nano.a(lib_a-fflush.o)
 .ARM.attributes
                0x0000000000000b6b       0x34 /usr/local/Cellar/arm-none-eabi-gcc/20150921/bin/../lib/gcc/arm-none-eabi/4.9.3/../../../../arm-none-eabi/lib/armv7e-m/fpu/libc_nano.a(lib_a-lseekr.o)
 .ARM.attributes
                0x0000000000000b9f       0x34 /usr/local/Cellar/arm-none-eabi-gcc/20150921/bin/../lib/gcc/arm-none-eabi/4.9.3/../../../../arm-none-eabi/lib/armv7e-m/fpu/libc_nano.a(lib_a-makebuf.o)
 .ARM.attributes
                0x0000000000000bd3       0x34 /usr/local/Cellar/arm-none-eabi-gcc/20150921/bin/../lib/gcc/arm-none-eabi/4.9.3/../../../../arm-none-eabi/lib/armv7e-m/fpu/libc_nano.a(lib_a-readr.o)
 .ARM.attributes
                0x0000000000000c07       0x34 /usr/local/Cellar/arm-none-eabi-gcc/20150921/bin/../lib/gcc/arm-none-eabi/4.9.3/../../../../arm-none-eabi/lib/armv7e-m/fpu/libc_nano.a(lib_a-reent.o)
 .ARM.attributes
                0x0000000000000c3b       0x34 /usr/local/Cellar/arm-none-eabi-gcc/20150921/bin/../lib/gcc/arm-none-eabi/4.9.3/../../../../arm-none-eabi/lib/armv7e-m/fpu/libc_nano.a(lib_a-fstatr.o)
 .ARM.attributes
                0x0000000000000c6f       0x34 /usr/local/Cellar/arm-none-eabi-gcc/20150921/bin/../lib/gcc/arm-none-eabi/4.9.3/../../../../arm-none-eabi/lib/armv7e-m/fpu/libc_nano.a(lib_a-isattyr.o)
 .ARM.attributes
                0x0000000000000ca3       0x34 /usr/local/Cellar/arm-none-eabi-gcc/20150921/bin/../lib/gcc/arm-none-eabi/4.9.3/../../../../arm-none-eabi/lib/armv7e-m/fpu/libnosys.a(close.o)
 .ARM.attributes
                0x0000000000000cd7       0x34 /usr/local/Cellar/arm-none-eabi-gcc/20150921/bin/../lib/gcc/arm-none-eabi/4.9.3/../../../../arm-none-eabi/lib/armv7e-m/fpu/libnosys.a(fstat.o)
 .ARM.attributes
                0x0000000000000d0b       0x34 /usr/local/Cellar/arm-none-eabi-gcc/20150921/bin/../lib/gcc/arm-none-eabi/4.9.3/../../../../arm-none-eabi/lib/armv7e-m/fpu/libnosys.a(isatty.o)
 .ARM.attributes
                0x0000000000000d3f       0x34 /usr/local/Cellar/arm-none-eabi-gcc/20150921/bin/../lib/gcc/arm-none-eabi/4.9.3/../../../../arm-none-eabi/lib/armv7e-m/fpu/libnosys.a(lseek.o)
 .ARM.attributes
                0x0000000000000d73       0x34 /usr/local/Cellar/arm-none-eabi-gcc/20150921/bin/../lib/gcc/arm-none-eabi/4.9.3/../../../../arm-none-eabi/lib/armv7e-m/fpu/libnosys.a(read.o)
 .ARM.attributes
                0x0000000000000da7       0x34 /usr/local/Cellar/arm-none-eabi-gcc/20150921/bin/../lib/gcc/arm-none-eabi/4.9.3/../../../../arm-none-eabi/lib/armv7e-m/fpu/libnosys.a(sbrk.o)
 .ARM.attributes
                0x0000000000000ddb       0x22 /usr/local/Cellar/arm-none-eabi-gcc/20150921/bin/../lib/gcc/arm-none-eabi/4.9.3/armv7e-m/fpu/libgcc.a(_arm_addsubdf3.o)
 .ARM.attributes
                0x0000000000000dfd       0x22 /usr/local/Cellar/arm-none-eabi-gcc/20150921/bin/../lib/gcc/arm-none-eabi/4.9.3/armv7e-m/fpu/libgcc.a(_arm_muldivdf3.o)
 .ARM.attributes
                0x0000000000000e1f       0x22 /usr/local/Cellar/arm-none-eabi-gcc/20150921/bin/../lib/gcc/arm-none-eabi/4.9.3/armv7e-m/fpu/libgcc.a(_arm_cmpdf2.o)
 .ARM.attributes
                0x0000000000000e41       0x22 /usr/local/Cellar/arm-none-eabi-gcc/20150921/bin/../lib/gcc/arm-none-eabi/4.9.3/armv7e-m/fpu/libgcc.a(_arm_fixdfsi.o)
 .ARM.attributes
                0x0000000000000e63       0x22 /usr/local/Cellar/arm-none-eabi-gcc/20150921/bin/../lib/gcc/arm-none-eabi/4.9.3/armv7e-m/fpu/crtn.o
OUTPUT(build/new-motorController.elf elf32-littlearm)

.debug_info     0x0000000000000000     0xfe7d
 .debug_info    0x0000000000000000      0x433 build/system_stm32f3xx.o
 .debug_info    0x0000000000000433      0x66d build/stm32f3xx_hal.o
 .debug_info    0x0000000000000aa0      0xb3f build/stm32f3xx_hal_can.o
 .debug_info    0x00000000000015df      0xb7c build/stm32f3xx_hal_cortex.o
 .debug_info    0x000000000000215b      0x7ac build/stm32f3xx_hal_gpio.o
 .debug_info    0x0000000000002907     0x1814 build/stm32f3xx_hal_rcc.o
 .debug_info    0x000000000000411b     0x23e1 build/stm32f3xx_hal_tim.o
 .debug_info    0x00000000000064fc     0x1322 build/stm32f3xx_hal_tim_ex.o
 .debug_info    0x000000000000781e     0x11ee build/stm32f3xx_hal_uart.o
 .debug_info    0x0000000000008a0c      0x82a build/stm32f3xx_hal_uart_ex.o
 .debug_info    0x0000000000009236     0x186f build/main.o
 .debug_info    0x000000000000aaa5      0xfd9 build/motionController.o
 .debug_info    0x000000000000ba7e     0x13c1 build/stm32f3xx_hal_msp.o
 .debug_info    0x000000000000ce3f      0x665 build/stm32f3xx_it.o
 .debug_info    0x000000000000d4a4      0x72d build/control.o
 .debug_info    0x000000000000dbd1      0x63e build/can.o
 .debug_info    0x000000000000e20f      0x77f build/uart.o
 .debug_info    0x000000000000e98e      0x708 build/encoders.o
 .debug_info    0x000000000000f096      0x63e build/pwm.o
 .debug_info    0x000000000000f6d4      0x70d build/uartProtocol.o
 .debug_info    0x000000000000fde1       0x9c build/startup_stm32f303x8.o

.debug_abbrev   0x0000000000000000     0x20e1
 .debug_abbrev  0x0000000000000000      0x103 build/system_stm32f3xx.o
 .debug_abbrev  0x0000000000000103      0x18f build/stm32f3xx_hal.o
 .debug_abbrev  0x0000000000000292      0x1cc build/stm32f3xx_hal_can.o
 .debug_abbrev  0x000000000000045e      0x249 build/stm32f3xx_hal_cortex.o
 .debug_abbrev  0x00000000000006a7      0x1ac build/stm32f3xx_hal_gpio.o
 .debug_abbrev  0x0000000000000853      0x276 build/stm32f3xx_hal_rcc.o
 .debug_abbrev  0x0000000000000ac9      0x206 build/stm32f3xx_hal_tim.o
 .debug_abbrev  0x0000000000000ccf      0x1fd build/stm32f3xx_hal_tim_ex.o
 .debug_abbrev  0x0000000000000ecc      0x1a4 build/stm32f3xx_hal_uart.o
 .debug_abbrev  0x0000000000001070      0x19d build/stm32f3xx_hal_uart_ex.o
 .debug_abbrev  0x000000000000120d      0x221 build/main.o
 .debug_abbrev  0x000000000000142e      0x186 build/motionController.o
 .debug_abbrev  0x00000000000015b4      0x1dd build/stm32f3xx_hal_msp.o
 .debug_abbrev  0x0000000000001791      0x113 build/stm32f3xx_it.o
 .debug_abbrev  0x00000000000018a4      0x150 build/control.o
 .debug_abbrev  0x00000000000019f4      0x11f build/can.o
 .debug_abbrev  0x0000000000001b13      0x18f build/uart.o
 .debug_abbrev  0x0000000000001ca2      0x182 build/encoders.o
 .debug_abbrev  0x0000000000001e24      0x15d build/pwm.o
 .debug_abbrev  0x0000000000001f81      0x14e build/uartProtocol.o
 .debug_abbrev  0x00000000000020cf       0x12 build/startup_stm32f303x8.o

.debug_loc      0x0000000000000000     0x699a
 .debug_loc     0x0000000000000000       0xa0 build/system_stm32f3xx.o
 .debug_loc     0x00000000000000a0      0x4f4 build/stm32f3xx_hal.o
 .debug_loc     0x0000000000000594      0x668 build/stm32f3xx_hal_can.o
 .debug_loc     0x0000000000000bfc      0x8f8 build/stm32f3xx_hal_cortex.o
 .debug_loc     0x00000000000014f4      0x2d4 build/stm32f3xx_hal_gpio.o
 .debug_loc     0x00000000000017c8      0x458 build/stm32f3xx_hal_rcc.o
 .debug_loc     0x0000000000001c20     0x2348 build/stm32f3xx_hal_tim.o
 .debug_loc     0x0000000000003f68      0xe24 build/stm32f3xx_hal_tim_ex.o
 .debug_loc     0x0000000000004d8c      0xe60 build/stm32f3xx_hal_uart.o
 .debug_loc     0x0000000000005bec      0x204 build/stm32f3xx_hal_uart_ex.o
 .debug_loc     0x0000000000005df0      0x2ce build/main.o
 .debug_loc     0x00000000000060be       0x64 build/motionController.o
 .debug_loc     0x0000000000006122      0x338 build/stm32f3xx_hal_msp.o
 .debug_loc     0x000000000000645a       0x58 build/stm32f3xx_it.o
 .debug_loc     0x00000000000064b2       0x50 build/control.o
 .debug_loc     0x0000000000006502       0x5c build/can.o
 .debug_loc     0x000000000000655e      0x11c build/uart.o
 .debug_loc     0x000000000000667a      0x1c8 build/encoders.o
 .debug_loc     0x0000000000006842      0x108 build/pwm.o
 .debug_loc     0x000000000000694a       0x50 build/uartProtocol.o

.debug_aranges  0x0000000000000000      0xc58
 .debug_aranges
                0x0000000000000000       0x28 build/system_stm32f3xx.o
 .debug_aranges
                0x0000000000000028       0xb0 build/stm32f3xx_hal.o
 .debug_aranges
                0x00000000000000d8       0xb0 build/stm32f3xx_hal_can.o
 .debug_aranges
                0x0000000000000188      0x100 build/stm32f3xx_hal_cortex.o
 .debug_aranges
                0x0000000000000288       0x58 build/stm32f3xx_hal_gpio.o
 .debug_aranges
                0x00000000000002e0       0x88 build/stm32f3xx_hal_rcc.o
 .debug_aranges
                0x0000000000000368      0x368 build/stm32f3xx_hal_tim.o
 .debug_aranges
                0x00000000000006d0      0x170 build/stm32f3xx_hal_tim_ex.o
 .debug_aranges
                0x0000000000000840      0x170 build/stm32f3xx_hal_uart.o
 .debug_aranges
                0x00000000000009b0       0x48 build/stm32f3xx_hal_uart_ex.o
 .debug_aranges
                0x00000000000009f8       0x70 build/main.o
 .debug_aranges
                0x0000000000000a68       0x28 build/motionController.o
 .debug_aranges
                0x0000000000000a90       0x68 build/stm32f3xx_hal_msp.o
 .debug_aranges
                0x0000000000000af8       0x28 build/stm32f3xx_it.o
 .debug_aranges
                0x0000000000000b20       0x20 build/control.o
 .debug_aranges
                0x0000000000000b40       0x20 build/can.o
 .debug_aranges
                0x0000000000000b60       0x38 build/uart.o
 .debug_aranges
                0x0000000000000b98       0x48 build/encoders.o
 .debug_aranges
                0x0000000000000be0       0x30 build/pwm.o
 .debug_aranges
                0x0000000000000c10       0x20 build/uartProtocol.o
 .debug_aranges
                0x0000000000000c30       0x28 build/startup_stm32f303x8.o

.debug_ranges   0x0000000000000000      0xb10
 .debug_ranges  0x0000000000000000       0x18 build/system_stm32f3xx.o
 .debug_ranges  0x0000000000000018       0xa0 build/stm32f3xx_hal.o
 .debug_ranges  0x00000000000000b8       0xa0 build/stm32f3xx_hal_can.o
 .debug_ranges  0x0000000000000158       0xf0 build/stm32f3xx_hal_cortex.o
 .debug_ranges  0x0000000000000248       0x48 build/stm32f3xx_hal_gpio.o
 .debug_ranges  0x0000000000000290       0x78 build/stm32f3xx_hal_rcc.o
 .debug_ranges  0x0000000000000308      0x358 build/stm32f3xx_hal_tim.o
 .debug_ranges  0x0000000000000660      0x160 build/stm32f3xx_hal_tim_ex.o
 .debug_ranges  0x00000000000007c0      0x160 build/stm32f3xx_hal_uart.o
 .debug_ranges  0x0000000000000920       0x38 build/stm32f3xx_hal_uart_ex.o
 .debug_ranges  0x0000000000000958       0x60 build/main.o
 .debug_ranges  0x00000000000009b8       0x18 build/motionController.o
 .debug_ranges  0x00000000000009d0       0x58 build/stm32f3xx_hal_msp.o
 .debug_ranges  0x0000000000000a28       0x18 build/stm32f3xx_it.o
 .debug_ranges  0x0000000000000a40       0x10 build/control.o
 .debug_ranges  0x0000000000000a50       0x10 build/can.o
 .debug_ranges  0x0000000000000a60       0x28 build/uart.o
 .debug_ranges  0x0000000000000a88       0x38 build/encoders.o
 .debug_ranges  0x0000000000000ac0       0x20 build/pwm.o
 .debug_ranges  0x0000000000000ae0       0x10 build/uartProtocol.o
 .debug_ranges  0x0000000000000af0       0x20 build/startup_stm32f303x8.o

.debug_line     0x0000000000000000     0x5fa1
 .debug_line    0x0000000000000000      0x1bc build/system_stm32f3xx.o
 .debug_line    0x00000000000001bc      0x31a build/stm32f3xx_hal.o
 .debug_line    0x00000000000004d6      0x5cc build/stm32f3xx_hal_can.o
 .debug_line    0x0000000000000aa2      0x41e build/stm32f3xx_hal_cortex.o
 .debug_line    0x0000000000000ec0      0x344 build/stm32f3xx_hal_gpio.o
 .debug_line    0x0000000000001204      0xc97 build/stm32f3xx_hal_rcc.o
 .debug_line    0x0000000000001e9b     0x13b0 build/stm32f3xx_hal_tim.o
 .debug_line    0x000000000000324b      0x904 build/stm32f3xx_hal_tim_ex.o
 .debug_line    0x0000000000003b4f      0x98c build/stm32f3xx_hal_uart.o
 .debug_line    0x00000000000044db      0x2d8 build/stm32f3xx_hal_uart_ex.o
 .debug_line    0x00000000000047b3      0x3ec build/main.o
 .debug_line    0x0000000000004b9f      0x264 build/motionController.o
 .debug_line    0x0000000000004e03      0x2ee build/stm32f3xx_hal_msp.o
 .debug_line    0x00000000000050f1      0x1d0 build/stm32f3xx_it.o
 .debug_line    0x00000000000052c1      0x215 build/control.o
 .debug_line    0x00000000000054d6      0x1bf build/can.o
 .debug_line    0x0000000000005695      0x23b build/uart.o
 .debug_line    0x00000000000058d0      0x241 build/encoders.o
 .debug_line    0x0000000000005b11      0x1fd build/pwm.o
 .debug_line    0x0000000000005d0e      0x1e8 build/uartProtocol.o
 .debug_line    0x0000000000005ef6       0xab build/startup_stm32f303x8.o

.debug_str      0x0000000000000000     0x3784
 .debug_str     0x0000000000000000      0x2d5 build/system_stm32f3xx.o
                                        0x327 (size before relaxing)
 .debug_str     0x00000000000002d5      0x531 build/stm32f3xx_hal.o
                                        0x751 (size before relaxing)
 .debug_str     0x0000000000000806      0x4b8 build/stm32f3xx_hal_can.o
                                        0x720 (size before relaxing)
 .debug_str     0x0000000000000cbe      0x29d build/stm32f3xx_hal_cortex.o
                                        0x8ea (size before relaxing)
 .debug_str     0x0000000000000f5b      0x235 build/stm32f3xx_hal_gpio.o
                                        0x4d0 (size before relaxing)
 .debug_str     0x0000000000001190      0x30a build/stm32f3xx_hal_rcc.o
                                        0x654 (size before relaxing)
 .debug_str     0x000000000000149a     0x1041 build/stm32f3xx_hal_tim.o
                                       0x130e (size before relaxing)
 .debug_str     0x00000000000024db      0x5ce build/stm32f3xx_hal_tim_ex.o
                                        0xd40 (size before relaxing)
 .debug_str     0x0000000000002aa9      0x748 build/stm32f3xx_hal_uart.o
                                        0xc0b (size before relaxing)
 .debug_str     0x00000000000031f1      0x104 build/stm32f3xx_hal_uart_ex.o
                                        0x7d2 (size before relaxing)
 .debug_str     0x00000000000032f5      0x162 build/main.o
                                       0x12c7 (size before relaxing)
 .debug_str     0x0000000000003457       0x6e build/motionController.o
                                        0xb52 (size before relaxing)
 .debug_str     0x00000000000034c5       0x43 build/stm32f3xx_hal_msp.o
                                        0xedd (size before relaxing)
 .debug_str     0x0000000000003508       0x35 build/stm32f3xx_it.o
                                        0x66c (size before relaxing)
 .debug_str     0x000000000000353d       0xac build/control.o
                                        0x6b3 (size before relaxing)
 .debug_str     0x00000000000035e9       0x1f build/can.o
                                        0x482 (size before relaxing)
 .debug_str     0x0000000000003608       0x52 build/uart.o
                                        0x6c6 (size before relaxing)
 .debug_str     0x000000000000365a       0x9e build/encoders.o
                                        0x685 (size before relaxing)
 .debug_str     0x00000000000036f8       0x3a build/pwm.o
                                        0x5d2 (size before relaxing)
 .debug_str     0x0000000000003732       0x52 build/uartProtocol.o
                                        0x6c1 (size before relaxing)

.comment        0x0000000000000000       0x70
 .comment       0x0000000000000000       0x70 build/system_stm32f3xx.o
                                         0x71 (size before relaxing)
 .comment       0x0000000000000000       0x71 build/stm32f3xx_hal.o
 .comment       0x0000000000000000       0x71 build/stm32f3xx_hal_can.o
 .comment       0x0000000000000000       0x71 build/stm32f3xx_hal_cortex.o
 .comment       0x0000000000000000       0x71 build/stm32f3xx_hal_gpio.o
 .comment       0x0000000000000000       0x71 build/stm32f3xx_hal_rcc.o
 .comment       0x0000000000000000       0x71 build/stm32f3xx_hal_tim.o
 .comment       0x0000000000000000       0x71 build/stm32f3xx_hal_tim_ex.o
 .comment       0x0000000000000000       0x71 build/stm32f3xx_hal_uart.o
 .comment       0x0000000000000000       0x71 build/stm32f3xx_hal_uart_ex.o
 .comment       0x0000000000000000       0x71 build/main.o
 .comment       0x0000000000000000       0x71 build/motionController.o
 .comment       0x0000000000000000       0x71 build/stm32f3xx_hal_msp.o
 .comment       0x0000000000000000       0x71 build/stm32f3xx_it.o
 .comment       0x0000000000000000       0x71 build/control.o
 .comment       0x0000000000000000       0x71 build/can.o
 .comment       0x0000000000000000       0x71 build/uart.o
 .comment       0x0000000000000000       0x71 build/encoders.o
 .comment       0x0000000000000000       0x71 build/pwm.o
 .comment       0x0000000000000000       0x71 build/uartProtocol.o

.debug_frame    0x0000000000000000     0x4108
 .debug_frame   0x0000000000000000       0x5c build/system_stm32f3xx.o
 .debug_frame   0x000000000000005c      0x2b4 build/stm32f3xx_hal.o
 .debug_frame   0x0000000000000310      0x30c build/stm32f3xx_hal_can.o
 .debug_frame   0x000000000000061c      0x460 build/stm32f3xx_hal_cortex.o
 .debug_frame   0x0000000000000a7c      0x154 build/stm32f3xx_hal_gpio.o
 .debug_frame   0x0000000000000bd0      0x228 build/stm32f3xx_hal_rcc.o
 .debug_frame   0x0000000000000df8     0x10bc build/stm32f3xx_hal_tim.o
 .debug_frame   0x0000000000001eb4      0x6d4 build/stm32f3xx_hal_tim_ex.o
 .debug_frame   0x0000000000002588      0x6d4 build/stm32f3xx_hal_uart.o
 .debug_frame   0x0000000000002c5c      0x100 build/stm32f3xx_hal_uart_ex.o
 .debug_frame   0x0000000000002d5c      0x190 build/main.o
 .debug_frame   0x0000000000002eec       0x4c build/motionController.o
 .debug_frame   0x0000000000002f38      0x1a0 build/stm32f3xx_hal_msp.o
 .debug_frame   0x00000000000030d8       0x48 build/stm32f3xx_it.o
 .debug_frame   0x0000000000003120       0x38 build/control.o
 .debug_frame   0x0000000000003158       0x38 build/can.o
 .debug_frame   0x0000000000003190       0xa4 build/uart.o
 .debug_frame   0x0000000000003234       0xf0 build/encoders.o
 .debug_frame   0x0000000000003324       0x88 build/pwm.o
 .debug_frame   0x00000000000033ac       0x3c build/uartProtocol.o
 .debug_frame   0x00000000000033e8       0x30 /usr/local/Cellar/arm-none-eabi-gcc/20150921/bin/../lib/gcc/arm-none-eabi/4.9.3/../../../../arm-none-eabi/lib/armv7e-m/fpu/libc_nano.a(lib_a-atoi.o)
 .debug_frame   0x0000000000003418       0x2c /usr/local/Cellar/arm-none-eabi-gcc/20150921/bin/../lib/gcc/arm-none-eabi/4.9.3/../../../../arm-none-eabi/lib/armv7e-m/fpu/libc_nano.a(lib_a-init.o)
 .debug_frame   0x0000000000003444       0x20 /usr/local/Cellar/arm-none-eabi-gcc/20150921/bin/../lib/gcc/arm-none-eabi/4.9.3/../../../../arm-none-eabi/lib/armv7e-m/fpu/libc_nano.a(lib_a-memset.o)
 .debug_frame   0x0000000000003464       0x88 /usr/local/Cellar/arm-none-eabi-gcc/20150921/bin/../lib/gcc/arm-none-eabi/4.9.3/../../../../arm-none-eabi/lib/armv7e-m/fpu/libc_nano.a(lib_a-nano-vfprintf_float.o)
 .debug_frame   0x00000000000034ec       0x58 /usr/local/Cellar/arm-none-eabi-gcc/20150921/bin/../lib/gcc/arm-none-eabi/4.9.3/../../../../arm-none-eabi/lib/armv7e-m/fpu/libc_nano.a(lib_a-nano-vfprintf_i.o)
 .debug_frame   0x0000000000003544       0x74 /usr/local/Cellar/arm-none-eabi-gcc/20150921/bin/../lib/gcc/arm-none-eabi/4.9.3/../../../../arm-none-eabi/lib/armv7e-m/fpu/libc_nano.a(lib_a-printf.o)
 .debug_frame   0x00000000000035b8       0x28 /usr/local/Cellar/arm-none-eabi-gcc/20150921/bin/../lib/gcc/arm-none-eabi/4.9.3/../../../../arm-none-eabi/lib/armv7e-m/fpu/libc_nano.a(lib_a-s_fpclassify.o)
 .debug_frame   0x00000000000035e0       0x20 /usr/local/Cellar/arm-none-eabi-gcc/20150921/bin/../lib/gcc/arm-none-eabi/4.9.3/../../../../arm-none-eabi/lib/armv7e-m/fpu/libc_nano.a(lib_a-strlen.o)
 .debug_frame   0x0000000000003600       0x38 /usr/local/Cellar/arm-none-eabi-gcc/20150921/bin/../lib/gcc/arm-none-eabi/4.9.3/../../../../arm-none-eabi/lib/armv7e-m/fpu/libc_nano.a(lib_a-strtok.o)
 .debug_frame   0x0000000000003638       0x40 /usr/local/Cellar/arm-none-eabi-gcc/20150921/bin/../lib/gcc/arm-none-eabi/4.9.3/../../../../arm-none-eabi/lib/armv7e-m/fpu/libc_nano.a(lib_a-strtok_r.o)
 .debug_frame   0x0000000000003678       0x54 /usr/local/Cellar/arm-none-eabi-gcc/20150921/bin/../lib/gcc/arm-none-eabi/4.9.3/../../../../arm-none-eabi/lib/armv7e-m/fpu/libc_nano.a(lib_a-strtol.o)
 .debug_frame   0x00000000000036cc       0x6c /usr/local/Cellar/arm-none-eabi-gcc/20150921/bin/../lib/gcc/arm-none-eabi/4.9.3/../../../../arm-none-eabi/lib/armv7e-m/fpu/libc_nano.a(lib_a-dtoa.o)
 .debug_frame   0x0000000000003738      0x11c /usr/local/Cellar/arm-none-eabi-gcc/20150921/bin/../lib/gcc/arm-none-eabi/4.9.3/../../../../arm-none-eabi/lib/armv7e-m/fpu/libc_nano.a(lib_a-findfp.o)
 .debug_frame   0x0000000000003854       0x54 /usr/local/Cellar/arm-none-eabi-gcc/20150921/bin/../lib/gcc/arm-none-eabi/4.9.3/../../../../arm-none-eabi/lib/armv7e-m/fpu/libc_nano.a(lib_a-fwalk.o)
 .debug_frame   0x00000000000038a8       0x98 /usr/local/Cellar/arm-none-eabi-gcc/20150921/bin/../lib/gcc/arm-none-eabi/4.9.3/../../../../arm-none-eabi/lib/armv7e-m/fpu/libc_nano.a(lib_a-locale.o)
 .debug_frame   0x0000000000003940       0x30 /usr/local/Cellar/arm-none-eabi-gcc/20150921/bin/../lib/gcc/arm-none-eabi/4.9.3/../../../../arm-none-eabi/lib/armv7e-m/fpu/libc_nano.a(lib_a-malloc.o)
 .debug_frame   0x0000000000003970       0x28 /usr/local/Cellar/arm-none-eabi-gcc/20150921/bin/../lib/gcc/arm-none-eabi/4.9.3/../../../../arm-none-eabi/lib/armv7e-m/fpu/libc_nano.a(lib_a-memchr.o)
 .debug_frame   0x0000000000003998       0x28 /usr/local/Cellar/arm-none-eabi-gcc/20150921/bin/../lib/gcc/arm-none-eabi/4.9.3/../../../../arm-none-eabi/lib/armv7e-m/fpu/libc_nano.a(lib_a-memcpy.o)
 .debug_frame   0x00000000000039c0      0x230 /usr/local/Cellar/arm-none-eabi-gcc/20150921/bin/../lib/gcc/arm-none-eabi/4.9.3/../../../../arm-none-eabi/lib/armv7e-m/fpu/libc_nano.a(lib_a-mprec.o)
 .debug_frame   0x0000000000003bf0       0x2c /usr/local/Cellar/arm-none-eabi-gcc/20150921/bin/../lib/gcc/arm-none-eabi/4.9.3/../../../../arm-none-eabi/lib/armv7e-m/fpu/libc_nano.a(lib_a-nano-callocr.o)
 .debug_frame   0x0000000000003c1c       0x2c /usr/local/Cellar/arm-none-eabi-gcc/20150921/bin/../lib/gcc/arm-none-eabi/4.9.3/../../../../arm-none-eabi/lib/armv7e-m/fpu/libc_nano.a(lib_a-nano-freer.o)
 .debug_frame   0x0000000000003c48       0x2c /usr/local/Cellar/arm-none-eabi-gcc/20150921/bin/../lib/gcc/arm-none-eabi/4.9.3/../../../../arm-none-eabi/lib/armv7e-m/fpu/libc_nano.a(lib_a-nano-mallocr.o)
 .debug_frame   0x0000000000003c74       0xb8 /usr/local/Cellar/arm-none-eabi-gcc/20150921/bin/../lib/gcc/arm-none-eabi/4.9.3/../../../../arm-none-eabi/lib/armv7e-m/fpu/libc_nano.a(lib_a-nano-vfprintf.o)
 .debug_frame   0x0000000000003d2c       0x2c /usr/local/Cellar/arm-none-eabi-gcc/20150921/bin/../lib/gcc/arm-none-eabi/4.9.3/../../../../arm-none-eabi/lib/armv7e-m/fpu/libc_nano.a(lib_a-sbrkr.o)
 .debug_frame   0x0000000000003d58       0x88 /usr/local/Cellar/arm-none-eabi-gcc/20150921/bin/../lib/gcc/arm-none-eabi/4.9.3/../../../../arm-none-eabi/lib/armv7e-m/fpu/libc_nano.a(lib_a-stdio.o)
 .debug_frame   0x0000000000003de0       0x3c /usr/local/Cellar/arm-none-eabi-gcc/20150921/bin/../lib/gcc/arm-none-eabi/4.9.3/../../../../arm-none-eabi/lib/armv7e-m/fpu/libc_nano.a(lib_a-wbuf.o)
 .debug_frame   0x0000000000003e1c       0x2c /usr/local/Cellar/arm-none-eabi-gcc/20150921/bin/../lib/gcc/arm-none-eabi/4.9.3/../../../../arm-none-eabi/lib/armv7e-m/fpu/libc_nano.a(lib_a-writer.o)
 .debug_frame   0x0000000000003e48       0x2c /usr/local/Cellar/arm-none-eabi-gcc/20150921/bin/../lib/gcc/arm-none-eabi/4.9.3/../../../../arm-none-eabi/lib/armv7e-m/fpu/libc_nano.a(lib_a-wsetup.o)
 .debug_frame   0x0000000000003e74       0x2c /usr/local/Cellar/arm-none-eabi-gcc/20150921/bin/../lib/gcc/arm-none-eabi/4.9.3/../../../../arm-none-eabi/lib/armv7e-m/fpu/libc_nano.a(lib_a-closer.o)
 .debug_frame   0x0000000000003ea0       0x68 /usr/local/Cellar/arm-none-eabi-gcc/20150921/bin/../lib/gcc/arm-none-eabi/4.9.3/../../../../arm-none-eabi/lib/armv7e-m/fpu/libc_nano.a(lib_a-fflush.o)
 .debug_frame   0x0000000000003f08       0x2c /usr/local/Cellar/arm-none-eabi-gcc/20150921/bin/../lib/gcc/arm-none-eabi/4.9.3/../../../../arm-none-eabi/lib/armv7e-m/fpu/libc_nano.a(lib_a-lseekr.o)
 .debug_frame   0x0000000000003f34       0x34 /usr/local/Cellar/arm-none-eabi-gcc/20150921/bin/../lib/gcc/arm-none-eabi/4.9.3/../../../../arm-none-eabi/lib/armv7e-m/fpu/libc_nano.a(lib_a-makebuf.o)
 .debug_frame   0x0000000000003f68       0x2c /usr/local/Cellar/arm-none-eabi-gcc/20150921/bin/../lib/gcc/arm-none-eabi/4.9.3/../../../../arm-none-eabi/lib/armv7e-m/fpu/libc_nano.a(lib_a-readr.o)
 .debug_frame   0x0000000000003f94       0x5c /usr/local/Cellar/arm-none-eabi-gcc/20150921/bin/../lib/gcc/arm-none-eabi/4.9.3/../../../../arm-none-eabi/lib/armv7e-m/fpu/libc_nano.a(lib_a-reent.o)
 .debug_frame   0x0000000000003ff0       0x2c /usr/local/Cellar/arm-none-eabi-gcc/20150921/bin/../lib/gcc/arm-none-eabi/4.9.3/../../../../arm-none-eabi/lib/armv7e-m/fpu/libc_nano.a(lib_a-fstatr.o)
 .debug_frame   0x000000000000401c       0x2c /usr/local/Cellar/arm-none-eabi-gcc/20150921/bin/../lib/gcc/arm-none-eabi/4.9.3/../../../../arm-none-eabi/lib/armv7e-m/fpu/libc_nano.a(lib_a-isattyr.o)
 .debug_frame   0x0000000000004048       0x20 /usr/local/Cellar/arm-none-eabi-gcc/20150921/bin/../lib/gcc/arm-none-eabi/4.9.3/../../../../arm-none-eabi/lib/armv7e-m/fpu/libnosys.a(close.o)
 .debug_frame   0x0000000000004068       0x20 /usr/local/Cellar/arm-none-eabi-gcc/20150921/bin/../lib/gcc/arm-none-eabi/4.9.3/../../../../arm-none-eabi/lib/armv7e-m/fpu/libnosys.a(fstat.o)
 .debug_frame   0x0000000000004088       0x20 /usr/local/Cellar/arm-none-eabi-gcc/20150921/bin/../lib/gcc/arm-none-eabi/4.9.3/../../../../arm-none-eabi/lib/armv7e-m/fpu/libnosys.a(isatty.o)
 .debug_frame   0x00000000000040a8       0x20 /usr/local/Cellar/arm-none-eabi-gcc/20150921/bin/../lib/gcc/arm-none-eabi/4.9.3/../../../../arm-none-eabi/lib/armv7e-m/fpu/libnosys.a(lseek.o)
 .debug_frame   0x00000000000040c8       0x20 /usr/local/Cellar/arm-none-eabi-gcc/20150921/bin/../lib/gcc/arm-none-eabi/4.9.3/../../../../arm-none-eabi/lib/armv7e-m/fpu/libnosys.a(read.o)
 .debug_frame   0x00000000000040e8       0x20 /usr/local/Cellar/arm-none-eabi-gcc/20150921/bin/../lib/gcc/arm-none-eabi/4.9.3/../../../../arm-none-eabi/lib/armv7e-m/fpu/libnosys.a(sbrk.o)

.stab           0x0000000000000000       0x84
 .stab          0x0000000000000000       0x24 /usr/local/Cellar/arm-none-eabi-gcc/20150921/bin/../lib/gcc/arm-none-eabi/4.9.3/../../../../arm-none-eabi/lib/armv7e-m/fpu/libnosys.a(close.o)
 .stab          0x0000000000000024       0x18 /usr/local/Cellar/arm-none-eabi-gcc/20150921/bin/../lib/gcc/arm-none-eabi/4.9.3/../../../../arm-none-eabi/lib/armv7e-m/fpu/libnosys.a(fstat.o)
                                         0x24 (size before relaxing)
 .stab          0x000000000000003c       0x18 /usr/local/Cellar/arm-none-eabi-gcc/20150921/bin/../lib/gcc/arm-none-eabi/4.9.3/../../../../arm-none-eabi/lib/armv7e-m/fpu/libnosys.a(isatty.o)
                                         0x24 (size before relaxing)
 .stab          0x0000000000000054       0x18 /usr/local/Cellar/arm-none-eabi-gcc/20150921/bin/../lib/gcc/arm-none-eabi/4.9.3/../../../../arm-none-eabi/lib/armv7e-m/fpu/libnosys.a(lseek.o)
                                         0x24 (size before relaxing)
 .stab          0x000000000000006c       0x18 /usr/local/Cellar/arm-none-eabi-gcc/20150921/bin/../lib/gcc/arm-none-eabi/4.9.3/../../../../arm-none-eabi/lib/armv7e-m/fpu/libnosys.a(read.o)
                                         0x24 (size before relaxing)

.stabstr        0x0000000000000000      0x117
 .stabstr       0x0000000000000000      0x117 /usr/local/Cellar/arm-none-eabi-gcc/20150921/bin/../lib/gcc/arm-none-eabi/4.9.3/../../../../arm-none-eabi/lib/armv7e-m/fpu/libnosys.a(close.o)

Cross Reference Table

Symbol                                            File
ADC1_2_IRQHandler                                 build/startup_stm32f303x8.o
AHBPrescTable                                     build/system_stm32f3xx.o
                                                  build/stm32f3xx_hal_rcc.o
APBPrescTable                                     build/system_stm32f3xx.o
                                                  build/stm32f3xx_hal_rcc.o
BusFault_Handler                                  build/startup_stm32f303x8.o
CAN_RX0_IRQHandler                                build/startup_stm32f303x8.o
CAN_RX1_IRQHandler                                build/startup_stm32f303x8.o